// Jest Snapshot v1, https://goo.gl/fbAQLP

exports[`page/Ses Snapshot 1`] = `
<DocumentFragment>
  <div
    class="l-page"
  >
    <title
      data-testid="title"
    >
      ユメラボのSES｜幅広いIT事業で価値を共に創り続ける｜株式会社ユメラボ
    </title>
    <meta
      content="initial-scale=1.0, width=device-width"
      name="viewport"
    />
    <link
      href="/favicon/favicon.ico"
      rel="shortcut icon"
    />
    <link
      href="/favicon/favicon-32x32.png"
      rel="icon"
      sizes="32x32"
      type="image/png"
    />
    <link
      href="/favicon/favicon-16x16.png"
      rel="icon"
      sizes="16x16"
      type="image/png"
    />
    <link
      href="/favicon/apple-touch-icon.png"
      rel="apple-touch-icon"
      type="image/png"
    />
    <link
      href="/favicon/android-chrome-192x192.png"
      rel="icon"
      sizes="192x192"
      type="image/png"
    />
    <link
      href="/favicon/android-chrome-512x512.png"
      rel="icon"
      sizes="512x512"
      type="image/png"
    />
    <meta
      content="/favicon/mstile-150×150.png"
      name="msapplication-TileImage"
    />
    <meta
      content="#1e2888"
      name="theme-color"
    />
    <meta
      content="千葉県浦安市のIT/Web開発・SES事業でお客様のIT投資を最大限に生かし価値を共に創り続けるシステム開発企業、株式会社ユメラボの「ユメラボのSES」のご紹介ページです。システム開発・保守運用、IT活用・サポート、SESでの体制構築から、Webサイト制作・企画運用まで、IT/Webに関わるトータルソリューションサービスを提供しております。"
      data-testid="description"
      name="description"
    />
    <meta
      content="ユメラボのSES｜幅広いIT事業で価値を共に創り続ける｜株式会社ユメラボ"
      data-testid="ogTitle"
      property="og:title"
    />
    <meta
      content="千葉県浦安市のIT/Web開発・SES事業でお客様のIT投資を最大限に生かし価値を共に創り続けるシステム開発企業、株式会社ユメラボの「ユメラボのSES」のご紹介ページです。システム開発・保守運用、IT活用・サポート、SESでの体制構築から、Webサイト制作・企画運用まで、IT/Webに関わるトータルソリューションサービスを提供しております。"
      data-testid="ogDescription"
      property="og:description"
    />
    <meta
      content="website"
      data-testid="ogType"
      property="og:type"
    />
    <meta
      content="https:///ses"
      data-testid="ogUrl"
      property="og:url"
    />
    <meta
      content="/OGP.png"
      data-testid="ogImage"
      property="og:image"
    />
    <meta
      content="ユメラボのSES｜幅広いIT事業で価値を共に創り続ける｜株式会社ユメラボ"
      data-testid="ogSiteName"
      property="og:site_name"
    />
    <meta
      content="summary_large_image"
      data-testid="twitterCard"
      name="twitter:card"
    />
    <meta
      content="@yumelab1214"
      data-testid="twitterSite"
      name="twitter:site"
    />
    <header
      class=""
      data-testid="component"
    >
      <div>
        <h1
          data-testid="logo"
        >
          <a>
            <svg
              aria-label="Yumelab"
              viewBox="0 0 71.47 17.45"
              xmlns="http://www.w3.org/2000/svg"
            >
              <path
                d="M45.15,14.55a2.72,2.72,0,0,0,1-.18,4.63,4.63,0,0,0,.9-.52l.43.64a2.43,2.43,0,0,1-.48.34,3.49,3.49,0,0,1-.59.25c-.22.06-.44.12-.67.16a4,4,0,0,1-.69.06,4.67,4.67,0,0,1-1.39-.2,3.13,3.13,0,0,1-1.08-.59,2.59,2.59,0,0,1-.68-.94,3.23,3.23,0,0,1-.24-1.29A3.3,3.3,0,0,1,41.88,11a2.66,2.66,0,0,1,.64-1,2.88,2.88,0,0,1,1-.58,3.87,3.87,0,0,1,1.26-.2A3.76,3.76,0,0,1,46,9.45,2.85,2.85,0,0,1,47,10a2.76,2.76,0,0,1,.91,2.09v.75h-4.6a2,2,0,0,0,.63,1.3A1.89,1.89,0,0,0,45.15,14.55ZM44.77,10a1.4,1.4,0,0,0-.58.12,1.11,1.11,0,0,0-.47.37,2.1,2.1,0,0,0-.33.67,3.47,3.47,0,0,0-.13,1h3a3.05,3.05,0,0,0-.13-1,1.92,1.92,0,0,0-.34-.67,1.26,1.26,0,0,0-.48-.39A1.41,1.41,0,0,0,44.77,10Z"
              />
              <path
                d="M63.88,11.52h0A2.22,2.22,0,0,0,62,9.36a5.85,5.85,0,0,0-3.45.38l.28.72a4.22,4.22,0,0,1,2.37-.38,1.31,1.31,0,0,1,1.16,1.44H60.86A4.15,4.15,0,0,0,58.7,12,1.49,1.49,0,0,0,58,13.3a1.46,1.46,0,0,0,.7,1.34,4.05,4.05,0,0,0,2.16.44h3V11.52Zm-1.51,2.82H60.85c-.83,0-1.24-.35-1.24-1s.41-1,1.24-1h1.52Z"
              />
              <path
                d="M23.21,7.53a1.06,1.06,0,0,0-1,.5l-3,4.79v2.26h1.57V12.82L24.3,7.53Z"
              />
              <path
                d="M29.65,9.47h-.84v4.87h-1.4A1.68,1.68,0,0,1,26.29,14a1.42,1.42,0,0,1-.39-1.12V9.47H24.39v3.4a1.92,1.92,0,0,0,.74,1.66,3.79,3.79,0,0,0,2.28.55h2.92V10.13A.64.64,0,0,0,29.65,9.47Z"
              />
              <path
                d="M53.19,14.28V8.2a.64.64,0,0,0-.67-.67h-.9v7.55h5.79v-.8Z"
              />
              <path
                d="M71.24,11.11a2.61,2.61,0,0,0-.66-.88,3,3,0,0,0-1-.57,4.8,4.8,0,0,0-1.36-.19H66.83V8.2a.64.64,0,0,0-.67-.67h-.84v7.55h2.86a4.36,4.36,0,0,0,1.35-.19,3.1,3.1,0,0,0,1-.56,2.65,2.65,0,0,0,.66-.89,2.86,2.86,0,0,0,.23-1.16A2.94,2.94,0,0,0,71.24,11.11Zm-1.5,2.11a1.86,1.86,0,0,1-.35.64,1.2,1.2,0,0,1-.53.36,1.81,1.81,0,0,1-.67.12H66.83V10.22h1.36a1.81,1.81,0,0,1,.67.11,1.39,1.39,0,0,1,.53.36,1.86,1.86,0,0,1,.35.64,3.28,3.28,0,0,1,.12.95A3.21,3.21,0,0,1,69.74,13.22Z"
              />
              <path
                d="M39.73,10a3.79,3.79,0,0,0-2.28-.56H31.83v5.61h1.51V10.22h2v4.86h1.52V10.22h.54a1.63,1.63,0,0,1,1.12.34A1.42,1.42,0,0,1,39,11.68v2.74a.63.63,0,0,0,.67.66h.84v-3.4A1.92,1.92,0,0,0,39.73,10Z"
              />
              <path
                d="M19.22,12.82A3.47,3.47,0,0,0,18.54,9c-.81-.9-1.72-1.09-2.75-2.14a4.78,4.78,0,0,0,1.06,3C18,11,19,11.93,19.22,12.82Z"
              />
              <g>
                <path
                  d="M15.63,2a2,2,0,1,1-2-2A2,2,0,0,1,15.63,2Z"
                />
                <path
                  d="M11.54,7l.32.27a1.73,1.73,0,0,0,.48-1.21,1.78,1.78,0,0,0-1.78-1.78A1.8,1.8,0,0,0,9,5.22l.2.14Z"
                />
                <path
                  d="M11.86,7.3a1.75,1.75,0,0,1-1.3.57A1.78,1.78,0,0,1,8.78,6.09,1.81,1.81,0,0,1,9,5.22L6.87,3.69A2.62,2.62,0,0,0,4.1,3.42a2.65,2.65,0,0,0-.93.8,3.2,3.2,0,0,0-.55,1.84s0,3.59,0,4.53L.88,13A1,1,0,0,0,0,14a1.11,1.11,0,0,0,.48.9L3,16.71a1.07,1.07,0,0,0,1.5-.19,1,1,0,0,0,.15-.78l1.79-2.5,4.21-1.42h0a3.17,3.17,0,0,0,1.57-1.12,2.55,2.55,0,0,0-.36-3.4Zm-1.43,3.87L6,12.66l-2.15,3a.38.38,0,0,1,.08.46.38.38,0,0,1-.53,0L.88,14.34a.38.38,0,0,1-.14-.51.37.37,0,0,1,.46-.07l2.12-2.95V9.94H5c.43,0,.63-.4.22-.79a1.42,1.42,0,0,1,.94-2.49A1.43,1.43,0,0,1,7.54,8.08a1.41,1.41,0,0,1-.48,1.07c-.42.39-.21.79.22.79h4.58A2.32,2.32,0,0,1,10.43,11.17Z"
                />
              </g>
              <ellipse
                cx="7.1"
                cy="16.93"
                rx="4.43"
                ry="0.52"
              />
            </svg>
          </a>
        </h1>
        <div>
          <nav
            class=""
          >
            <ul>
              <li>
                <a
                  class="tablet:hidden"
                >
                  <span>
                    HOME
                  </span>
                </a>
              </li>
              <li>
                <a
                  class=""
                >
                  <span>
                    SERVICE
                  </span>
                  <span
                    class="tablet:hidden"
                  >
                    サービス
                  </span>
                  <svg
                    aria-label="角"
                    class="hidden tablet:inline-block"
                    viewBox="0 0 21 31"
                    xmlns="http://www.w3.org/2000/svg"
                  >
                    <path
                      d="M.405.98h4.427l15.342 14.815L4.832 30.611H.527l15.347-14.816L.405.98Z"
                    />
                  </svg>
                </a>
                <ul>
                  <li>
                    <a
                      class=""
                    >
                      <span>
                        共創する受託開発
                      </span>
                    </a>
                  </li>
                  <li>
                    <a
                      class=""
                    >
                      <span>
                        ユメラボのSES
                      </span>
                    </a>
                  </li>
                </ul>
              </li>
              <li>
                <a
                  class=""
                >
                  <span>
                    MISSION
                  </span>
                  <span
                    class="tablet:hidden"
                  >
                    ミッション
                  </span>
                </a>
              </li>
              <li>
                <a
                  class=""
                >
                  <span>
                    COMPANY
                  </span>
                  <span
                    class="tablet:hidden"
                  >
                    会社概要
                  </span>
                </a>
              </li>
              <li>
                <a>
                  <svg
                    aria-label="メール"
                    viewBox="0 0 512 384"
                    xmlns="http://www.w3.org/2000/svg"
                  >
                    <path
                      d="M464,64H48A48,48,0,0,0,0,112V400a48,48,0,0,0,48,48H464a48,48,0,0,0,48-48V112A48,48,0,0,0,464,64Zm0,48v40.8c-22.42,18.26-58.17,46.66-134.59,106.49C312.57,272.54,279.21,304.37,256,304c-23.21.37-56.58-31.46-73.41-44.71C106.18,199.46,70.43,171.07,48,152.8V112ZM48,400V214.4c22.91,18.25,55.41,43.86,104.94,82.64,21.85,17.21,60.13,55.19,103.06,55,42.72.23,80.51-37.2,103.05-54.95,49.53-38.78,82-64.4,105-82.65V400Z"
                      transform="translate(0 -64)"
                    />
                  </svg>
                  <span>
                    CONTACT
                  </span>
                </a>
              </li>
            </ul>
          </nav>
          <div
            class="tablet:hidden"
          >
            <span />
          </div>
        </div>
      </div>
    </header>
    <div
      class="l-gradient is-ses"
    >
      <div
        class=""
      >
        <div
          class="l-wrap"
        >
          <div
            class="l-inner"
          >
            <header>
              <h1>
                ユメラボのSES
              </h1>
              <p>
                YumeLab's SES
              </p>
            </header>
          </div>
        </div>
      </div>
      <div
        class="tablet:hidden"
      >
        <img
          alt="ユメラボのSESのイメージ"
          height="297"
          layout="responsive"
          placeholder="blur"
          src="test-file-stub"
          width="375"
        />
      </div>
      <div
        class="hidden tablet:block"
      >
        <img
          alt="ユメラボのSESのイメージ"
          height="918"
          layout="responsive"
          placeholder="blur"
          src="test-file-stub"
          width="1920"
        />
      </div>
      <main
        class="l-main"
        style="position: relative; z-index: 1;"
      >
        <div
          class=""
          id="business-summary"
        >
          <div
            class="l-wrap"
          >
            <div
              class="l-inner"
            >
              <div
                class="hidden tablet:block"
                data-testid="component"
              >
                <div
                  class=""
                >
                  <div>
                    <span
                      translate="no"
                    >
                      Business Summary
                    </span>
                    <hr />
                    <span>
                      事業概要
                    </span>
                  </div>
                </div>
              </div>
              <header
                data-aos="fade-up"
              >
                <h2>
                  事業概要
                </h2>
                <p>
                  弊社代表はエンジニアとして15年、様々な現場に携わっており、
                  <br
                    class="hidden tablet:inline-block"
                  />
                  今も現役エンジニアとして活動しております。
                  <br />
                  その経験をもとに、現場でお仕事をするエンジニア様の要望や、
                  <br
                    class="hidden tablet:inline-block"
                  />
                  エンジニアを求める企業様のご希望まで共にしっかりと把握し、
                  <br
                    class="hidden tablet:inline-block"
                  />
                  手厚いマネジメントを行う事で長期継続の案件を数多く保有、
                  <br
                    class="hidden tablet:inline-block"
                  />
                  ハイレベルエンジニア様のご紹介も可能としております。
                </p>
              </header>
            </div>
          </div>
        </div>
        <div
          class=""
          id="trouble"
        >
          <div
            class="l-wrap"
          >
            <div
              class="l-inner"
            >
              <div
                class="hidden tablet:block"
                data-testid="component"
              >
                <div
                  class=""
                >
                  <div>
                    <span
                      translate="no"
                    >
                      Trouble
                    </span>
                    <hr />
                    <span>
                      このような事でお困りではありませんか？
                    </span>
                  </div>
                </div>
              </div>
              <header
                data-aos="fade-up"
              >
                <h2>
                  このような事で
                  <br />
                  お困りではありませんか？
                </h2>
                <p>
                  SESにおける企業様・エンジニア様の抱える課題
                </p>
              </header>
              <div
                data-aos="fade-up"
              >
                <div
                  class=""
                >
                  <div
                    class=""
                  >
                    <img
                      alt="エンジニア様イメージ画像"
                      height="274"
                      layout="responsive"
                      placeholder="blur"
                      src="test-file-stub"
                      width="542"
                    />
                    <ul>
                      <li>
                        ・営業さんが見当違いの案件を紹介してくる。
                      </li>
                      <li>
                        ・現場がどう考えてもブラックだった。
                      </li>
                      <li>
                        ・営業さんに改善を求めても何も変わらない。
                      </li>
                    </ul>
                  </div>
                  <div
                    class=""
                  >
                    <div>
                      <img
                        height="660"
                        placeholder="blur"
                        src="test-file-stub"
                        width="661"
                      />
                    </div>
                    <p>
                      エンジニア様
                    </p>
                  </div>
                </div>
                <div
                  class=""
                >
                  <div
                    class=""
                  >
                    <img
                      alt="企業様イメージ画像"
                      height="274"
                      placeholder="blur"
                      src="test-file-stub"
                      width="542"
                    />
                    <ul>
                      <li>
                        ・案件内容を営業さんが理解してくれているか不安。
                      </li>
                      <li>
                        ・ジョインした人が事前に話したスキルに足りない
                        <br />
                        エンジニアさんだった。
                      </li>
                      <li>
                        ・もう少し柔軟に対応してくれる
                        <br />
                        エンジニアさんを探したかった。
                      </li>
                    </ul>
                  </div>
                  <div
                    class=""
                  >
                    <div>
                      <img
                        height="670"
                        placeholder="blur"
                        src="test-file-stub"
                        width="636"
                      />
                    </div>
                    <p>
                      企業様
                    </p>
                  </div>
                </div>
              </div>
            </div>
          </div>
        </div>
        <div
          class=""
          id="advantage"
        >
          <div
            class="l-wrap"
          >
            <div
              class="l-inner"
            >
              <div
                class="hidden tablet:block"
                data-testid="component"
              >
                <div
                  class=""
                >
                  <div>
                    <span
                      translate="no"
                    >
                      Advantage
                    </span>
                    <hr />
                    <span>
                      ユメラボのSES 3つの強み
                    </span>
                  </div>
                </div>
              </div>
              <header
                data-aos="fade-up"
              >
                <h2>
                  ユメラボのSES 3つの強み
                </h2>
              </header>
              <div
                data-aos="fade-up"
              >
                <div>
                  <img
                    alt="Object"
                    height="1029"
                    placeholder="blur"
                    src="test-file-stub"
                    width="1029"
                  />
                </div>
                <div
                  class=""
                >
                  <div>
                    <svg
                      aria-label="株式会社ユメラボのロゴシンボル"
                      viewBox="0 0 15.63 17.45"
                      xmlns="http://www.w3.org/2000/svg"
                    >
                      <defs>
                        <lineargradient
                          id="gradient-1-generate-test-id"
                          x1="0"
                          x2="0"
                          y1="0"
                          y2="1"
                        >
                          <stop
                            offset="0.5"
                            stop-color="white"
                            stop-opacity="0"
                          />
                          <stop
                            offset="1"
                            stop-color="white"
                            stop-opacity="1"
                          />
                        </lineargradient>
                        <lineargradient
                          id="gradient-2-generate-test-id"
                          x1="0"
                          x2="0"
                          y1="0"
                          y2="1"
                        >
                          <stop
                            offset="0"
                            stop-color="white"
                            stop-opacity="0"
                          />
                          <stop
                            offset="0.5"
                            stop-color="white"
                            stop-opacity="1"
                          />
                        </lineargradient>
                        <mask
                          id="mask-1-generate-test-id"
                        >
                          <rect
                            fill="url(#gradient-1-generate-test-id)"
                            height="17.45"
                            width="15.63"
                            x="0"
                            y="0"
                          />
                        </mask>
                        <mask
                          id="mask-2-generate-test-id"
                        >
                          <rect
                            fill="url(#gradient-2-generate-test-id)"
                            height="17.45"
                            width="15.63"
                            x="0"
                            y="0"
                          />
                        </mask>
                      </defs>
                      <g>
                        <path
                          d="M15.63,2a2,2,0,1,1-2-2A2,2,0,0,1,15.63,2Z"
                        />
                        <path
                          d="M11.54,7l.32.27a1.73,1.73,0,0,0,.48-1.21,1.78,1.78,0,0,0-1.78-1.78A1.8,1.8,0,0,0,9,5.22l.2.14Z"
                        />
                        <path
                          d="M11.86,7.3a1.75,1.75,0,0,1-1.3.57A1.78,1.78,0,0,1,8.78,6.09,1.81,1.81,0,0,1,9,5.22L6.87,3.69A2.62,2.62,0,0,0,4.1,3.42a2.65,2.65,0,0,0-.93.8,3.2,3.2,0,0,0-.55,1.84s0,3.59,0,4.53L.88,13A1,1,0,0,0,0,14a1.11,1.11,0,0,0,.48.9L3,16.71a1.07,1.07,0,0,0,1.5-.19,1,1,0,0,0,.15-.78l1.79-2.5,4.21-1.42h0a3.17,3.17,0,0,0,1.57-1.12,2.55,2.55,0,0,0-.36-3.4Zm-1.43,3.87L6,12.66l-2.15,3a.38.38,0,0,1,.08.46.38.38,0,0,1-.53,0L.88,14.34a.38.38,0,0,1-.14-.51.37.37,0,0,1,.46-.07l2.12-2.95V9.94H5c.43,0,.63-.4.22-.79a1.42,1.42,0,0,1,.94-2.49A1.43,1.43,0,0,1,7.54,8.08a1.41,1.41,0,0,1-.48,1.07c-.42.39-.21.79.22.79h4.58A2.32,2.32,0,0,1,10.43,11.17Z"
                        />
                      </g>
                      <g
                        mask="url(#mask-2-generate-test-id)"
                      >
                        <path
                          d="M15.63,2a2,2,0,1,1-2-2A2,2,0,0,1,15.63,2Z"
                        />
                        <path
                          d="M11.54,7l.32.27a1.73,1.73,0,0,0,.48-1.21,1.78,1.78,0,0,0-1.78-1.78A1.8,1.8,0,0,0,9,5.22l.2.14Z"
                        />
                        <path
                          d="M11.86,7.3a1.75,1.75,0,0,1-1.3.57A1.78,1.78,0,0,1,8.78,6.09,1.81,1.81,0,0,1,9,5.22L6.87,3.69A2.62,2.62,0,0,0,4.1,3.42a2.65,2.65,0,0,0-.93.8,3.2,3.2,0,0,0-.55,1.84s0,3.59,0,4.53L.88,13A1,1,0,0,0,0,14a1.11,1.11,0,0,0,.48.9L3,16.71a1.07,1.07,0,0,0,1.5-.19,1,1,0,0,0,.15-.78l1.79-2.5,4.21-1.42h0a3.17,3.17,0,0,0,1.57-1.12,2.55,2.55,0,0,0-.36-3.4Zm-1.43,3.87L6,12.66l-2.15,3a.38.38,0,0,1,.08.46.38.38,0,0,1-.53,0L.88,14.34a.38.38,0,0,1-.14-.51.37.37,0,0,1,.46-.07l2.12-2.95V9.94H5c.43,0,.63-.4.22-.79a1.42,1.42,0,0,1,.94-2.49A1.43,1.43,0,0,1,7.54,8.08a1.41,1.41,0,0,1-.48,1.07c-.42.39-.21.79.22.79h4.58A2.32,2.32,0,0,1,10.43,11.17Z"
                        />
                      </g>
                      <g
                        mask="url(#mask-1-generate-test-id)"
                      >
                        <path
                          d="M15.63,2a2,2,0,1,1-2-2A2,2,0,0,1,15.63,2Z"
                        />
                        <path
                          d="M11.54,7l.32.27a1.73,1.73,0,0,0,.48-1.21,1.78,1.78,0,0,0-1.78-1.78A1.8,1.8,0,0,0,9,5.22l.2.14Z"
                        />
                        <path
                          d="M11.86,7.3a1.75,1.75,0,0,1-1.3.57A1.78,1.78,0,0,1,8.78,6.09,1.81,1.81,0,0,1,9,5.22L6.87,3.69A2.62,2.62,0,0,0,4.1,3.42a2.65,2.65,0,0,0-.93.8,3.2,3.2,0,0,0-.55,1.84s0,3.59,0,4.53L.88,13A1,1,0,0,0,0,14a1.11,1.11,0,0,0,.48.9L3,16.71a1.07,1.07,0,0,0,1.5-.19,1,1,0,0,0,.15-.78l1.79-2.5,4.21-1.42h0a3.17,3.17,0,0,0,1.57-1.12,2.55,2.55,0,0,0-.36-3.4Zm-1.43,3.87L6,12.66l-2.15,3a.38.38,0,0,1,.08.46.38.38,0,0,1-.53,0L.88,14.34a.38.38,0,0,1-.14-.51.37.37,0,0,1,.46-.07l2.12-2.95V9.94H5c.43,0,.63-.4.22-.79a1.42,1.42,0,0,1,.94-2.49A1.43,1.43,0,0,1,7.54,8.08a1.41,1.41,0,0,1-.48,1.07c-.42.39-.21.79.22.79h4.58A2.32,2.32,0,0,1,10.43,11.17Z"
                        />
                      </g>
                      <ellipse
                        cx="7.1"
                        cy="16.93"
                        rx="4.43"
                        ry="0.52"
                      />
                    </svg>
                  </div>
                  <p>
                    YumeLab's
                    <br />
                    SES
                  </p>
                </div>
                <ol>
                  <li
                    class=""
                  >
                    <div />
                    <h3>
                      代表自身が
                      <br
                        class="tablet:hidden"
                      />
                      エンジニア
                    </h3>
                    <p>
                      弊社代表が現役エンジニアです。現場で
                      <br />
                      気をつけるべきポイント、案件としてど
                      <br />
                      う伝えるべきか等、総合的にフォロー
                      <br />
                      アップいたします。
                    </p>
                  </li>
                  <li
                    class=""
                  >
                    <div />
                    <h3>
                      マネジメント
                    </h3>
                    <p>
                      現場に入って頂いている間、弊社代表が
                      <br />
                      しっかりとマネジメントを行い、双方に
                      <br />
                      トラブルのない、良い信頼関係を構築し
                      <br />
                      て参ります。
                    </p>
                  </li>
                  <li
                    class=""
                  >
                    <div />
                    <h3>
                      長期稼働
                    </h3>
                    <p>
                      信頼できるお客様に対し、しっかりとコミュ
                      <br />
                      ニケーションの取れたエンジニア様を紹介し
                      <br />
                      ておりますので、結果多くの案件で長期稼働
                      <br />
                      となっております。
                    </p>
                  </li>
                </ol>
                <div>
                  <div>
                    <img
                      alt="代表自身がエンジニア"
                      height="132"
                      placeholder="blur"
                      src="test-file-stub"
                      width="132"
                    />
                  </div>
                  <div>
                    <img
                      alt="マネジメント"
                      height="128"
                      placeholder="blur"
                      src="test-file-stub"
                      width="128"
                    />
                  </div>
                  <div>
                    <img
                      alt="長期稼働"
                      height="144"
                      placeholder="blur"
                      src="test-file-stub"
                      width="144"
                    />
                  </div>
                </div>
              </div>
              <ol
                class="tablet:hidden"
                data-aos="fade-up"
              >
                <li
                  class=""
                >
                  <h3>
                    代表自身がエンジニア
                  </h3>
                  <p>
                    弊社代表が現役エンジニアです。
                    <br />
                    現場で気をつけるべきポイント、案件としてどう伝えるべきか等、
                    <br />
                    総合的にフォローアップいたします。
                  </p>
                </li>
                <li
                  class=""
                >
                  <h3>
                    マネジメント
                  </h3>
                  <p>
                    現場に入って頂いている間、弊社代表がしっかりと
                    <br />
                    マネジメントを行い、双方にトラブルのない、
                    <br />
                    良い信頼関係を構築して参ります。
                  </p>
                </li>
                <li
                  class=""
                >
                  <h3>
                    長期稼働
                  </h3>
                  <p>
                    信頼できるお客様に対し、しっかりと
                    <br />
                    コミュニケーションの取れたエンジニア様を紹介しておりますので、
                    <br />
                    結果多くの案件で長期稼働となっております。
                  </p>
                </li>
              </ol>
            </div>
          </div>
        </div>
        <div
          class=""
          id="voice"
        >
          <div
            class="l-wrap"
          >
            <div
              class="l-inner"
            >
              <div
                class="hidden tablet:block"
                data-testid="component"
              >
                <div
                  class=""
                >
                  <div>
                    <span
                      translate="no"
                    >
                      Voice
                    </span>
                    <hr />
                    <span>
                      稼働エンジニア様の声
                    </span>
                  </div>
                </div>
              </div>
              <header
                data-aos="fade-up"
              >
                <h2>
                  稼働エンジニア様の声
                </h2>
              </header>
              <ul>
                <li
                  data-aos="fade-up"
                >
                  <div
                    class=""
                  >
                    <div>
                      <div>
                        <img
                          layout="responsive"
                          placeholder="blur"
                          src="test-file-stub"
                        />
                      </div>
                    </div>
                    <div>
                      <h3
                        class=""
                        data-testid="component"
                      >
                        柔軟な案件と安心のサポートで未来志向に
                      </h3>
                      <p
                        class=""
                        data-testid="component"
                      >
                        R.Y様　バックエンドエンジニア
経験19年
                      </p>
                      <p
                        class=""
                        data-testid="component"
                      >
                        参画案件は結果を出していれば自分のペースで仕事ができて、無理な要求もありません。
しかもユメラボさんは定期的に現場まで来て頂けるので、悩みがあればすぐに相談できるのでとても助かります。
もし今の現場が終了となった場合でも、すぐ別案件を紹介頂けるという安心感もすごいです（笑）
また、技術的な相談ができるのも大きなメリットで、「今後お互いこの方向性でいこう」という未来志向のワクワクする話でモチベーションアップにもつながります！
将来的にはエンジニア以外の仕事でも結果を出せるように色々と挑戦して行きたいです！
                      </p>
                    </div>
                  </div>
                </li>
                <li
                  data-aos="fade-up"
                >
                  <div
                    class=""
                  >
                    <div>
                      <div>
                        <img
                          layout="responsive"
                          placeholder="blur"
                          src="test-file-stub"
                        />
                      </div>
                    </div>
                    <div>
                      <h3
                        class=""
                        data-testid="component"
                      >
                        信頼と成長で次のステップにも視野に
                      </h3>
                      <p
                        class=""
                        data-testid="component"
                      >
                        S.T様　バックエンドエンジニア
経験13年
                      </p>
                      <p
                        class=""
                        data-testid="component"
                      >
                        前職の経歴なども含め相談に乗ってもらい、自分のスキルにマッチした案件を紹介いただきました！
プロジェクトメンバーの技術スキル水準はもちろん、スピード感・モチベーションも高く、とても成長できる案件です。
ユメラボさんは業務連絡以外にも(web)懇親会を開催するなど、コミュニケーションも大事にされる会社でとても働きやすいです。
現在バックエンドが中心ですが、知識の幅を広げフロントエンド技術も習得し今後のキャリアに活かしたいと考えています！
                      </p>
                    </div>
                  </div>
                </li>
              </ul>
            </div>
          </div>
        </div>
        <div
          class=""
          id="faq"
        >
          <div
            class="l-wrap"
          >
            <div
              class="l-inner"
            >
              <div
                class="hidden tablet:block"
                data-testid="component"
              >
                <div
                  class=""
                >
                  <div>
                    <span
                      translate="no"
                    >
                      FAQ
                    </span>
                    <hr />
                    <span>
                      よくあるご質問
                    </span>
                  </div>
                </div>
              </div>
              <header
                data-aos="fade-up"
              >
                <h2>
                  よくあるご質問
                </h2>
              </header>
              <div>
                <div
                  class=""
                  data-aos="fade-up"
                >
                  <div>
                    <div>
                      <span>
                        Q
                      </span>
                      <p>
                        【エンジニア様】どのような案件がありますか？
                      </p>
                      <button
                        class=""
                      />
                    </div>
                    <div
                      aria-hidden="true"
                      style="height: 0px; overflow: hidden;"
                    >
                      <div>
                        <span>
                          A
                        </span>
                        <p>
                          システム・アプリ開発からコーディング・運用・新規事業開発まで様々です。弊社代表による繋がりからの直案件がほとんどのため、案件数は他エージェント会社さんと比べると少ないかもしれません。
                        </p>
                      </div>
                    </div>
                  </div>
                </div>
                <div
                  class=""
                  data-aos="fade-up"
                >
                  <div>
                    <div>
                      <span>
                        Q
                      </span>
                      <p>
                        【エンジニア様】他のエージェントとの違いはなんですか？
                      </p>
                      <button
                        class=""
                      />
                    </div>
                    <div
                      aria-hidden="true"
                      style="height: 0px; overflow: hidden;"
                    >
                      <div>
                        <span>
                          A
                        </span>
                        <p>
                          15年現役エンジニアである弊社代表が直接案件調整・マネジメントを行いますので、ご紹介案件の解像度が高い点、また、望んだ方向性の案件を的確にご紹介可能です。
                        </p>
                      </div>
                    </div>
                  </div>
                </div>
                <div
                  class=""
                  data-aos="fade-up"
                >
                  <div>
                    <div>
                      <span>
                        Q
                      </span>
                      <p>
                        【エンジニア様】常駐先が頻繁に変わりますか？
                      </p>
                      <button
                        class=""
                      />
                    </div>
                    <div
                      aria-hidden="true"
                      style="height: 0px; overflow: hidden;"
                    >
                      <div>
                        <span>
                          A
                        </span>
                        <p>
                          全てとは言えませんが、多くが長期（3年以上）に渡って稼働いただいております。
                        </p>
                      </div>
                    </div>
                  </div>
                </div>
                <div
                  class=""
                  data-aos="fade-up"
                >
                  <div>
                    <div>
                      <span>
                        Q
                      </span>
                      <p>
                        【エンジニア様】未経験案件はありますか？
                      </p>
                      <button
                        class=""
                      />
                    </div>
                    <div
                      aria-hidden="true"
                      style="height: 0px; overflow: hidden;"
                    >
                      <div>
                        <span>
                          A
                        </span>
                        <p>
                          現状未経験エンジニア向け案件は扱っておりません。
                        </p>
                      </div>
                    </div>
                  </div>
                </div>
                <div
                  class=""
                  data-aos="fade-up"
                >
                  <div>
                    <div>
                      <span>
                        Q
                      </span>
                      <p>
                        【企業様】どんなスキルのエンジニアさんがいますか？
                      </p>
                      <button
                        class=""
                      />
                    </div>
                    <div
                      aria-hidden="true"
                      style="height: 0px; overflow: hidden;"
                    >
                      <div>
                        <span>
                          A
                        </span>
                        <p>
                          Java,PHP,JS,Python,Rubyなど、需要の多い言語で実務経験3年以上のエンジニアさんに多く登録いただいております。
                        </p>
                      </div>
                    </div>
                  </div>
                </div>
                <div
                  class=""
                  data-aos="fade-up"
                >
                  <div>
                    <div>
                      <span>
                        Q
                      </span>
                      <p>
                        【企業様】エンジニアさんにどの程度フォローを行っていますか？
                      </p>
                      <button
                        class=""
                      />
                    </div>
                    <div
                      aria-hidden="true"
                      style="height: 0px; overflow: hidden;"
                    >
                      <div>
                        <span>
                          A
                        </span>
                        <p>
                          エンジニア様へ月に一度ミーティングを行い、しっかりとフォローを行っております。
                        </p>
                      </div>
                    </div>
                  </div>
                </div>
                <div
                  class=""
                  data-aos="fade-up"
                >
                  <div>
                    <div>
                      <span>
                        Q
                      </span>
                      <p>
                        【企業様】案件のヒアリングは営業さんが来ますか？
                      </p>
                      <button
                        class=""
                      />
                    </div>
                    <div
                      aria-hidden="true"
                      style="height: 0px; overflow: hidden;"
                    >
                      <div>
                        <span>
                          A
                        </span>
                        <p>
                          ほとんどの場合弊社代表が直接お話を伺います。
                        </p>
                      </div>
                    </div>
                  </div>
                </div>
                <div
                  class=""
                  data-aos="fade-up"
                >
                  <div>
                    <div>
                      <span>
                        Q
                      </span>
                      <p>
                        【企業様】エンジニアさんの面談は営業さんが行いますか？
                      </p>
                      <button
                        class=""
                      />
                    </div>
                    <div
                      aria-hidden="true"
                      style="height: 0px; overflow: hidden;"
                    >
                      <div>
                        <span>
                          A
                        </span>
                        <p>
                          弊社代表が直接行っています。そのためミスマッチも少なく継続いただいております。
                        </p>
                      </div>
                    </div>
                  </div>
                </div>
              </div>
            </div>
          </div>
        </div>
        <div
          class=""
          style="top: 384px; text-align: right; right: 68px;"
        >
          <div
            class=""
            style="width: 100%;"
          >
            <nav
              class=""
            >
              <ul>
                <li>
                  <a
                    class=""
                  >
                    <span>
                      事業
概要
                    </span>
                  </a>
                </li>
                <li>
                  <a
                    class=""
                  >
                    <span>
                      こんな
お困り
                    </span>
                  </a>
                </li>
                <li>
                  <a
                    class=""
                  >
                    <span>
                      3つの
強み
                    </span>
                  </a>
                </li>
                <li>
                  <a
                    class=""
                  >
                    <span>
                      お客様
の声
                    </span>
                  </a>
                </li>
                <li>
                  <a
                    class=""
                  >
                    <span>
                      ご利用
企業様
                    </span>
                  </a>
                </li>
                <li>
                  <a
                    class=""
                  >
                    <span>
                      FAQ
                    </span>
                  </a>
                </li>
                <li>
                  <a
                    class=""
                  >
                    <span>
                      お問い
合わせ
                    </span>
                  </a>
                </li>
              </ul>
            </nav>
          </div>
        </div>
        <div
          class=""
          style="top: 668px; right: 68px;"
        >
          <div
            class=""
          >
            <button
              class=""
              data-testid="button"
            />
          </div>
        </div>
      </main>
      <div
        class=""
        id="contact"
      >
        <div
          class="l-wrap"
        >
          <div
            class="l-inner"
          >
            <p
              class=""
              data-aos="fade-up"
              data-testid="component"
            >
              株式会社ユメラボは代表自らがエンジニアです。
企業様のエンジニア不足解消のお手伝いから、エンジニア様への案件ご紹介まで安心してご相談頂けます。
まずはお気軽にご相談下さい。
            </p>
            <div
              data-aos="fade-up"
            >
              <a
                class=""
                data-testid="button"
              >
                <span>
                  お問い合わせはこちら
                </span>
                <span />
              </a>
            </div>
          </div>
        </div>
      </div>
    </div>
    <footer
      class=""
      data-testid="component"
    >
      <div>
        <small
          translate="no"
        >
          ©Yume Lab Inc.
        </small>
        <nav>
          <ul
            class=""
          >
            <li>
              <a
                href="https://twitter.com/yumelab1214"
                rel="noreferrer"
                target="_blank"
              >
                <svg
                  aria-label="Twitter"
                  class=""
                  viewBox="0 0 512 415.84"
                >
                  <path
                    d="M459.37 103.64c.33 4.54.33 9.09.33 13.64 0 138.72-105.59 298.56-298.56 298.56A296.51 296.51 0 0 1 0 368.73a215.83 215.83 0 0 0 25.34 1.3 210.15 210.15 0 0 0 130.27-44.83 105.12 105.12 0 0 1-98.11-72.77 132.94 132.94 0 0 0 19.82 1.62 111.09 111.09 0 0 0 27.61-3.57 105 105 0 0 1-84.14-103v-1.29a105.67 105.67 0 0 0 47.43 13.31A105.07 105.07 0 0 1 35.74 19.17 298.28 298.28 0 0 0 252.1 128.98a118.78 118.78 0 0 1-2.6-24 105 105 0 0 1 181.6-71.8 206.58 206.58 0 0 0 66.6-25.34 104.61 104.61 0 0 1-46.13 57.83A210.61 210.61 0 0 0 512 49.38a225.62 225.62 0 0 1-52.63 54.26Z"
                  />
                </svg>
              </a>
            </li>
            <li>
              <a
                href="https://www.facebook.com/yumelab.co.jp/"
                rel="noreferrer"
                target="_blank"
              >
                <svg
                  aria-label="Facebook"
                  class=""
                  viewBox="0 0 448 448"
                >
                  <path
                    d="M400 0H48A48 48 0 0 0 0 48v352a48 48 0 0 0 48 48h137.25V295.69h-63V224h63v-54.64c0-62.15 37-96.48 93.67-96.48 27.14 0 55.52 4.84 55.52 4.84v61h-31.27c-30.81 0-40.42 19.12-40.42 38.73V224h68.78l-11 71.69h-57.78V448H400a48 48 0 0 0 48-48V48a48 48 0 0 0-48-48Z"
                  />
                </svg>
              </a>
            </li>
          </ul>
        </nav>
      </div>
    </footer>
  </div>
</DocumentFragment>
`;
