// Jest Snapshot v1, https://goo.gl/fbAQLP

exports[`components/contract-development/Faq Snapshot 1`] = `
<DocumentFragment>
  <div
    class=""
    id="faq"
  >
    <div
      class="l-wrap"
    >
      <div
        class="l-inner"
      >
        <div
          class="hidden tablet:block"
          data-testid="component"
        >
          <div
            class=""
          >
            <div>
              <span
                translate="no"
              >
                FAQ
              </span>
              <hr />
              <span>
                よくあるご質問
              </span>
            </div>
          </div>
        </div>
        <header
          data-aos="fade-up"
        >
          <h2>
            よくあるご質問
          </h2>
        </header>
        <div>
          <div
            class=""
            data-aos="fade-up"
          >
            <div>
              <div>
                <span>
                  Q
                </span>
                <p>
                  月額予算の最低金額はありますか？
                </p>
                <button
                  class=""
                />
              </div>
              <div
                aria-hidden="true"
                style="height: 0px; overflow: hidden;"
              >
                <div>
                  <span>
                    A
                  </span>
                  <p>
                    予算に合わせて適切な稼働時間の配分を提案させて頂きます、まずはお気軽にご相談下さい。
                  </p>
                </div>
              </div>
            </div>
          </div>
          <div
            class=""
            data-aos="fade-up"
          >
            <div>
              <div>
                <span>
                  Q
                </span>
                <p>
                  オフショアでの開発だと不安がありますが大丈夫でしょうか？
                </p>
                <button
                  class=""
                />
              </div>
              <div
                aria-hidden="true"
                style="height: 0px; overflow: hidden;"
              >
                <div>
                  <span>
                    A
                  </span>
                  <p>
                    実績のあるパートナー先と連携して対応しておりますのでご安心ください。
                  </p>
                </div>
              </div>
            </div>
          </div>
          <div
            class=""
            data-aos="fade-up"
          >
            <div>
              <div>
                <span>
                  Q
                </span>
                <p>
                  開発以外のデザインやマーケティングなどの相談もできますか？
                </p>
                <button
                  class=""
                />
              </div>
              <div
                aria-hidden="true"
                style="height: 0px; overflow: hidden;"
              >
                <div>
                  <span>
                    A
                  </span>
                  <p>
                    可能です。システム以外にも、デザイン・マーケティング・広告運用など、事業をスケールするための様々なチーム構築をご提案いたします。
                  </p>
                </div>
              </div>
            </div>
          </div>
          <div
            class=""
            data-aos="fade-up"
          >
            <div>
              <div>
                <span>
                  Q
                </span>
                <p>
                  やりたい事が固まっていないのですが、相談できますか？
                </p>
                <button
                  class=""
                />
              </div>
              <div
                aria-hidden="true"
                style="height: 0px; overflow: hidden;"
              >
                <div>
                  <span>
                    A
                  </span>
                  <p>
                    具体的なビジョンを固めていただいた後にご連絡ください。事業の方向性を決定するお手伝いは、別途ご相談となります。
                  </p>
                </div>
              </div>
            </div>
          </div>
          <div
            class=""
            data-aos="fade-up"
          >
            <div>
              <div>
                <span>
                  Q
                </span>
                <p>
                  開発の着手までどれくらいかかりますか？
                </p>
                <button
                  class=""
                />
              </div>
              <div
                aria-hidden="true"
                style="height: 0px; overflow: hidden;"
              >
                <div>
                  <span>
                    A
                  </span>
                  <p>
                    内容にもよりますが、最短2週間程度で着手可能な場合がございます。
                  </p>
                </div>
              </div>
            </div>
          </div>
        </div>
      </div>
    </div>
  </div>
</DocumentFragment>
`;
