// Jest Snapshot v1, https://goo.gl/fbAQLP

exports[`components/ses/Trouble Snapshot 1`] = `
<DocumentFragment>
  <div
    class=""
    id="trouble"
  >
    <div
      class="l-wrap"
    >
      <div
        class="l-inner"
      >
        <div
          class="hidden tablet:block"
          data-testid="component"
        >
          <div
            class=""
          >
            <div>
              <span
                translate="no"
              >
                Trouble
              </span>
              <hr />
              <span>
                このような事でお困りではありませんか？
              </span>
            </div>
          </div>
        </div>
        <header
          data-aos="fade-up"
        >
          <h2>
            このような事で
            <br />
            お困りではありませんか？
          </h2>
          <p>
            SESにおける企業様・エンジニア様の抱える課題
          </p>
        </header>
        <div
          data-aos="fade-up"
        >
          <div
            class=""
          >
            <div
              class=""
            >
              <img
                alt="エンジニア様イメージ画像"
                height="274"
                layout="responsive"
                placeholder="blur"
                src="test-file-stub"
                width="542"
              />
              <ul>
                <li>
                  ・営業さんが見当違いの案件を紹介してくる。
                </li>
                <li>
                  ・現場がどう考えてもブラックだった。
                </li>
                <li>
                  ・営業さんに改善を求めても何も変わらない。
                </li>
              </ul>
            </div>
            <div
              class=""
            >
              <div>
                <img
                  height="660"
                  placeholder="blur"
                  src="test-file-stub"
                  width="661"
                />
              </div>
              <p>
                エンジニア様
              </p>
            </div>
          </div>
          <div
            class=""
          >
            <div
              class=""
            >
              <img
                alt="企業様イメージ画像"
                height="274"
                placeholder="blur"
                src="test-file-stub"
                width="542"
              />
              <ul>
                <li>
                  ・案件内容を営業さんが理解してくれているか不安。
                </li>
                <li>
                  ・ジョインした人が事前に話したスキルに足りない
                  <br />
                  エンジニアさんだった。
                </li>
                <li>
                  ・もう少し柔軟に対応してくれる
                  <br />
                  エンジニアさんを探したかった。
                </li>
              </ul>
            </div>
            <div
              class=""
            >
              <div>
                <img
                  height="670"
                  placeholder="blur"
                  src="test-file-stub"
                  width="636"
                />
              </div>
              <p>
                企業様
              </p>
            </div>
          </div>
        </div>
      </div>
    </div>
  </div>
</DocumentFragment>
`;
