// Jest Snapshot v1, https://goo.gl/fbAQLP

exports[`page/Top Snapshot 1`] = `
<DocumentFragment>
  <div
    class="l-page"
  >
    <title
      data-testid="title"
    >
      幅広いIT事業で価値を共に創り続ける｜株式会社グローイングアイランズ
    </title>
    <meta
      content="initial-scale=1.0, width=device-width"
      name="viewport"
    />
    <link
      href="/favicon/favicon.ico"
      rel="shortcut icon"
    />
    <link
      href="/favicon/favicon-32x32.png"
      rel="icon"
      sizes="32x32"
      type="image/png"
    />
    <link
      href="/favicon/favicon-16x16.png"
      rel="icon"
      sizes="16x16"
      type="image/png"
    />
    <link
      href="/favicon/apple-touch-icon.png"
      rel="apple-touch-icon"
      type="image/png"
    />
    <link
      href="/favicon/android-chrome-192x192.png"
      rel="icon"
      sizes="192x192"
      type="image/png"
    />
    <link
      href="/favicon/android-chrome-512x512.png"
      rel="icon"
      sizes="512x512"
      type="image/png"
    />
    <meta
      content="/favicon/mstile-150×150.png"
      name="msapplication-TileImage"
    />
    <meta
      content="#1e2888"
      name="theme-color"
    />
    <meta
      content="株式会社グローイングアイランズは千葉県浦安市のIT/Web開発・SES事業でお客様のIT投資を最大限に生かし価値を共に創り続けるシステム開発企業です。システム開発・保守運用、IT活用・サポート、SESでの体制構築から、Webサイト制作・企画運用まで、IT/Webに関わるトータルソリューションサービスを提供しております。"
      data-testid="description"
      name="description"
    />
    <meta
      content="幅広いIT事業で価値を共に創り続ける｜株式会社グローイングアイランズ"
      data-testid="ogTitle"
      property="og:title"
    />
    <meta
      content="株式会社グローイングアイランズは千葉県浦安市のIT/Web開発・SES事業でお客様のIT投資を最大限に生かし価値を共に創り続けるシステム開発企業です。システム開発・保守運用、IT活用・サポート、SESでの体制構築から、Webサイト制作・企画運用まで、IT/Webに関わるトータルソリューションサービスを提供しております。"
      data-testid="ogDescription"
      property="og:description"
    />
    <meta
      content="website"
      data-testid="ogType"
      property="og:type"
    />
    <meta
      content="https://"
      data-testid="ogUrl"
      property="og:url"
    />
    <meta
      content="/OGP.png"
      data-testid="ogImage"
      property="og:image"
    />
    <meta
      content="幅広いIT事業で価値を共に創り続ける｜株式会社グローイングアイランズ"
      data-testid="ogSiteName"
      property="og:site_name"
    />
    <meta
      content="summary_large_image"
      data-testid="twitterCard"
      name="twitter:card"
    />
    <meta
      content="@yumelab1214"
      data-testid="twitterSite"
      name="twitter:site"
    />
    <header
      class=""
      data-testid="component"
    >
      <div>
        <h1
          data-testid="logo"
        >
          <a>
            <svg
              aria-label="Yumelab"
              viewBox="0 0 71.47 17.45"
              xmlns="http://www.w3.org/2000/svg"
            >
              <path
                d="M45.15,14.55a2.72,2.72,0,0,0,1-.18,4.63,4.63,0,0,0,.9-.52l.43.64a2.43,2.43,0,0,1-.48.34,3.49,3.49,0,0,1-.59.25c-.22.06-.44.12-.67.16a4,4,0,0,1-.69.06,4.67,4.67,0,0,1-1.39-.2,3.13,3.13,0,0,1-1.08-.59,2.59,2.59,0,0,1-.68-.94,3.23,3.23,0,0,1-.24-1.29A3.3,3.3,0,0,1,41.88,11a2.66,2.66,0,0,1,.64-1,2.88,2.88,0,0,1,1-.58,3.87,3.87,0,0,1,1.26-.2A3.76,3.76,0,0,1,46,9.45,2.85,2.85,0,0,1,47,10a2.76,2.76,0,0,1,.91,2.09v.75h-4.6a2,2,0,0,0,.63,1.3A1.89,1.89,0,0,0,45.15,14.55ZM44.77,10a1.4,1.4,0,0,0-.58.12,1.11,1.11,0,0,0-.47.37,2.1,2.1,0,0,0-.33.67,3.47,3.47,0,0,0-.13,1h3a3.05,3.05,0,0,0-.13-1,1.92,1.92,0,0,0-.34-.67,1.26,1.26,0,0,0-.48-.39A1.41,1.41,0,0,0,44.77,10Z"
              />
              <path
                d="M63.88,11.52h0A2.22,2.22,0,0,0,62,9.36a5.85,5.85,0,0,0-3.45.38l.28.72a4.22,4.22,0,0,1,2.37-.38,1.31,1.31,0,0,1,1.16,1.44H60.86A4.15,4.15,0,0,0,58.7,12,1.49,1.49,0,0,0,58,13.3a1.46,1.46,0,0,0,.7,1.34,4.05,4.05,0,0,0,2.16.44h3V11.52Zm-1.51,2.82H60.85c-.83,0-1.24-.35-1.24-1s.41-1,1.24-1h1.52Z"
              />
              <path
                d="M23.21,7.53a1.06,1.06,0,0,0-1,.5l-3,4.79v2.26h1.57V12.82L24.3,7.53Z"
              />
              <path
                d="M29.65,9.47h-.84v4.87h-1.4A1.68,1.68,0,0,1,26.29,14a1.42,1.42,0,0,1-.39-1.12V9.47H24.39v3.4a1.92,1.92,0,0,0,.74,1.66,3.79,3.79,0,0,0,2.28.55h2.92V10.13A.64.64,0,0,0,29.65,9.47Z"
              />
              <path
                d="M53.19,14.28V8.2a.64.64,0,0,0-.67-.67h-.9v7.55h5.79v-.8Z"
              />
              <path
                d="M71.24,11.11a2.61,2.61,0,0,0-.66-.88,3,3,0,0,0-1-.57,4.8,4.8,0,0,0-1.36-.19H66.83V8.2a.64.64,0,0,0-.67-.67h-.84v7.55h2.86a4.36,4.36,0,0,0,1.35-.19,3.1,3.1,0,0,0,1-.56,2.65,2.65,0,0,0,.66-.89,2.86,2.86,0,0,0,.23-1.16A2.94,2.94,0,0,0,71.24,11.11Zm-1.5,2.11a1.86,1.86,0,0,1-.35.64,1.2,1.2,0,0,1-.53.36,1.81,1.81,0,0,1-.67.12H66.83V10.22h1.36a1.81,1.81,0,0,1,.67.11,1.39,1.39,0,0,1,.53.36,1.86,1.86,0,0,1,.35.64,3.28,3.28,0,0,1,.12.95A3.21,3.21,0,0,1,69.74,13.22Z"
              />
              <path
                d="M39.73,10a3.79,3.79,0,0,0-2.28-.56H31.83v5.61h1.51V10.22h2v4.86h1.52V10.22h.54a1.63,1.63,0,0,1,1.12.34A1.42,1.42,0,0,1,39,11.68v2.74a.63.63,0,0,0,.67.66h.84v-3.4A1.92,1.92,0,0,0,39.73,10Z"
              />
              <path
                d="M19.22,12.82A3.47,3.47,0,0,0,18.54,9c-.81-.9-1.72-1.09-2.75-2.14a4.78,4.78,0,0,0,1.06,3C18,11,19,11.93,19.22,12.82Z"
              />
              <g>
                <path
                  d="M15.63,2a2,2,0,1,1-2-2A2,2,0,0,1,15.63,2Z"
                />
                <path
                  d="M11.54,7l.32.27a1.73,1.73,0,0,0,.48-1.21,1.78,1.78,0,0,0-1.78-1.78A1.8,1.8,0,0,0,9,5.22l.2.14Z"
                />
                <path
                  d="M11.86,7.3a1.75,1.75,0,0,1-1.3.57A1.78,1.78,0,0,1,8.78,6.09,1.81,1.81,0,0,1,9,5.22L6.87,3.69A2.62,2.62,0,0,0,4.1,3.42a2.65,2.65,0,0,0-.93.8,3.2,3.2,0,0,0-.55,1.84s0,3.59,0,4.53L.88,13A1,1,0,0,0,0,14a1.11,1.11,0,0,0,.48.9L3,16.71a1.07,1.07,0,0,0,1.5-.19,1,1,0,0,0,.15-.78l1.79-2.5,4.21-1.42h0a3.17,3.17,0,0,0,1.57-1.12,2.55,2.55,0,0,0-.36-3.4Zm-1.43,3.87L6,12.66l-2.15,3a.38.38,0,0,1,.08.46.38.38,0,0,1-.53,0L.88,14.34a.38.38,0,0,1-.14-.51.37.37,0,0,1,.46-.07l2.12-2.95V9.94H5c.43,0,.63-.4.22-.79a1.42,1.42,0,0,1,.94-2.49A1.43,1.43,0,0,1,7.54,8.08a1.41,1.41,0,0,1-.48,1.07c-.42.39-.21.79.22.79h4.58A2.32,2.32,0,0,1,10.43,11.17Z"
                />
              </g>
              <ellipse
                cx="7.1"
                cy="16.93"
                rx="4.43"
                ry="0.52"
              />
            </svg>
          </a>
        </h1>
        <div>
          <nav
            class=""
          >
            <ul>
              <li>
                <a
                  class="tablet:hidden"
                >
                  <span>
                    HOME
                  </span>
                </a>
              </li>
              <li>
                <a
                  class=""
                >
                  <span>
                    SERVICE
                  </span>
                  <span
                    class="tablet:hidden"
                  >
                    サービス
                  </span>
                  <svg
                    aria-label="角"
                    class="hidden tablet:inline-block"
                    viewBox="0 0 21 31"
                    xmlns="http://www.w3.org/2000/svg"
                  >
                    <path
                      d="M.405.98h4.427l15.342 14.815L4.832 30.611H.527l15.347-14.816L.405.98Z"
                    />
                  </svg>
                </a>
                <ul>
                  <li>
                    <a
                      class=""
                    >
                      <span>
                        共創する受託開発
                      </span>
                    </a>
                  </li>
                  <li>
                    <a
                      class=""
                    >
                      <span>
                        グローイングアイランズのSES
                      </span>
                    </a>
                  </li>
                </ul>
              </li>
              <li>
                <a
                  class=""
                >
                  <span>
                    MISSION
                  </span>
                  <span
                    class="tablet:hidden"
                  >
                    ミッション
                  </span>
                </a>
              </li>
              <li>
                <a
                  class=""
                >
                  <span>
                    COMPANY
                  </span>
                  <span
                    class="tablet:hidden"
                  >
                    会社概要
                  </span>
                </a>
              </li>
              <li>
                <a>
                  <svg
                    aria-label="メール"
                    viewBox="0 0 512 384"
                    xmlns="http://www.w3.org/2000/svg"
                  >
                    <path
                      d="M464,64H48A48,48,0,0,0,0,112V400a48,48,0,0,0,48,48H464a48,48,0,0,0,48-48V112A48,48,0,0,0,464,64Zm0,48v40.8c-22.42,18.26-58.17,46.66-134.59,106.49C312.57,272.54,279.21,304.37,256,304c-23.21.37-56.58-31.46-73.41-44.71C106.18,199.46,70.43,171.07,48,152.8V112ZM48,400V214.4c22.91,18.25,55.41,43.86,104.94,82.64,21.85,17.21,60.13,55.19,103.06,55,42.72.23,80.51-37.2,103.05-54.95,49.53-38.78,82-64.4,105-82.65V400Z"
                      transform="translate(0 -64)"
                    />
                  </svg>
                  <span>
                    CONTACT
                  </span>
                </a>
              </li>
            </ul>
          </nav>
          <div
            class="tablet:hidden"
          >
            <span />
          </div>
        </div>
      </div>
    </header>
    <div
      class="react-parallax l-parallax is-top"
      style="position: relative; overflow: hidden;"
    >
      <div
        class="react-parallax-background-children"
        style="position: absolute; left: 50%; transform: translate3d(-50%, 0px, 0);"
      >
        <div
          class="react-parallax-background l-parallax__background"
        >
          <div
            class=""
          >
            <div>
              <div
                id="tsparticles"
              >
                <canvas
                  class="tsparticles-canvas-el"
                  height="0"
                  style="width: 100%; height: 100%; position: fixed; z-index: 0; top: 0px; left: 0px;"
                  width="0"
                />
              </div>
            </div>
          </div>
        </div>
      </div>
      <div
        class="l-gradient"
        style="position: relative;"
      >
        <div
          class=""
          data-testid="component"
        >
          <div
            class="l-wrap"
          >
            <div
              class="l-inner"
            >
              <header
                class=""
              >
                <h2>
                  CREATING
                  <br />
                  VALUE
                  <br />
                  TOGETHER
                </h2>
                <p>
                  価値を共に創り続ける
                </p>
                <p>
                  IT投資の効果を最大限に
                </p>
              </header>
              <div
                class=""
              >
                <svg
                  class="hidden tablet:block"
                  viewBox="0 0 100 100"
                >
                  <circle
                    cx="50"
                    cy="50"
                    r="50"
                  />
                </svg>
                <div />
                <div />
                <div>
                  <img
                    alt="Object"
                    height="929"
                    placeholder="blur"
                    src="test-file-stub"
                    width="683"
                  />
                </div>
              </div>
              <div
                class="tablet:hidden"
              >
                <span>
                  scroll
                </span>
              </div>
            </div>
          </div>
        </div>
        <main
          class="l-main"
        >
          <div
            class=""
            data-testid="component"
          >
            <div
              class="l-wrap"
            >
              <div
                class="l-inner"
              >
                <div
                  class="hidden tablet:block"
                  data-testid="component"
                >
                  <div
                    class=""
                  >
                    <div>
                      <span
                        translate="no"
                      >
                        About  Yume Lab
                      </span>
                      <hr />
                      <span>
                        グローイングアイランズについて
                      </span>
                    </div>
                  </div>
                </div>
                <p
                  data-aos="fade-up"
                >
                  株式会社グローイングアイランズは、お客様の事業戦略から
                  <br />
                  現在抱える課題まで徹底的に理解、
                  <br />
                  目指す未来に共感し目的を明確に持ち、
                  <br />
                  適切なIT施策でお客様と共創しながら課題を解決します。
                </p>
                <ul
                  data-aos="fade-up"
                >
                  <li
                    class=""
                  >
                    <div />
                    <div />
                    <div />
                    <div>
                      <p
                        translate="no"
                      >
                        ANALYSIS
                      </p>
                      <p>
                        分析・理解
                      </p>
                      <div>
                        <svg
                          aria-label="株式会社グローイングアイランズのロゴシンボル"
                          viewBox="0 0 15.63 17.45"
                          xmlns="http://www.w3.org/2000/svg"
                        >
                          <g>
                            <path
                              d="M15.63,2a2,2,0,1,1-2-2A2,2,0,0,1,15.63,2Z"
                            />
                            <path
                              d="M11.54,7l.32.27a1.73,1.73,0,0,0,.48-1.21,1.78,1.78,0,0,0-1.78-1.78A1.8,1.8,0,0,0,9,5.22l.2.14Z"
                            />
                            <path
                              d="M11.86,7.3a1.75,1.75,0,0,1-1.3.57A1.78,1.78,0,0,1,8.78,6.09,1.81,1.81,0,0,1,9,5.22L6.87,3.69A2.62,2.62,0,0,0,4.1,3.42a2.65,2.65,0,0,0-.93.8,3.2,3.2,0,0,0-.55,1.84s0,3.59,0,4.53L.88,13A1,1,0,0,0,0,14a1.11,1.11,0,0,0,.48.9L3,16.71a1.07,1.07,0,0,0,1.5-.19,1,1,0,0,0,.15-.78l1.79-2.5,4.21-1.42h0a3.17,3.17,0,0,0,1.57-1.12,2.55,2.55,0,0,0-.36-3.4Zm-1.43,3.87L6,12.66l-2.15,3a.38.38,0,0,1,.08.46.38.38,0,0,1-.53,0L.88,14.34a.38.38,0,0,1-.14-.51.37.37,0,0,1,.46-.07l2.12-2.95V9.94H5c.43,0,.63-.4.22-.79a1.42,1.42,0,0,1,.94-2.49A1.43,1.43,0,0,1,7.54,8.08a1.41,1.41,0,0,1-.48,1.07c-.42.39-.21.79.22.79h4.58A2.32,2.32,0,0,1,10.43,11.17Z"
                            />
                          </g>
                          <ellipse
                            cx="7.1"
                            cy="16.93"
                            rx="4.43"
                            ry="0.52"
                          />
                        </svg>
                      </div>
                    </div>
                  </li>
                  <li
                    class=""
                  >
                    <div />
                    <div />
                    <div />
                    <div>
                      <p
                        translate="no"
                      >
                        IDEA
                      </p>
                      <p>
                        共創
                      </p>
                      <div>
                        <img
                          alt="IDEA、共創のイラスト"
                          height="126"
                          src="test-file-stub"
                          width="124"
                        />
                      </div>
                    </div>
                  </li>
                  <li
                    class=""
                  >
                    <div />
                    <div />
                    <div />
                    <div>
                      <p
                        translate="no"
                      >
                        GOAL
                      </p>
                      <p>
                        目標
                      </p>
                      <div>
                        <img
                          alt="GOAL、目標のイラスト"
                          height="160"
                          src="test-file-stub"
                          width="144"
                        />
                      </div>
                    </div>
                  </li>
                </ul>
              </div>
            </div>
          </div>
          <div
            class=""
            data-testid="component"
            id="service"
          >
            <div
              class="l-wrap"
            >
              <div
                class="l-inner"
              >
                <div
                  class="hidden tablet:block"
                  data-testid="component"
                >
                  <div
                    class=""
                  >
                    <div>
                      <span
                        translate="no"
                      >
                        Service
                      </span>
                      <hr />
                      <span>
                        業務内容
                      </span>
                    </div>
                  </div>
                </div>
                <header
                  class="tablet:hidden"
                  data-aos="fade-up"
                >
                  <svg
                    aria-label="株式会社グローイングアイランズのロゴシンボル"
                    class=""
                    viewBox="0 0 15.63 17.45"
                    xmlns="http://www.w3.org/2000/svg"
                  >
                    <defs>
                      <lineargradient
                        id="gradient-1-generate-test-id"
                        x1="0"
                        x2="0"
                        y1="0"
                        y2="1"
                      >
                        <stop
                          offset="0.5"
                          stop-color="white"
                          stop-opacity="0"
                        />
                        <stop
                          offset="1"
                          stop-color="white"
                          stop-opacity="1"
                        />
                      </lineargradient>
                      <lineargradient
                        id="gradient-2-generate-test-id"
                        x1="0"
                        x2="0"
                        y1="0"
                        y2="1"
                      >
                        <stop
                          offset="0"
                          stop-color="white"
                          stop-opacity="0"
                        />
                        <stop
                          offset="0.5"
                          stop-color="white"
                          stop-opacity="1"
                        />
                      </lineargradient>
                      <mask
                        id="mask-1-generate-test-id"
                      >
                        <rect
                          fill="url(#gradient-1-generate-test-id)"
                          height="17.45"
                          width="15.63"
                          x="0"
                          y="0"
                        />
                      </mask>
                      <mask
                        id="mask-2-generate-test-id"
                      >
                        <rect
                          fill="url(#gradient-2-generate-test-id)"
                          height="17.45"
                          width="15.63"
                          x="0"
                          y="0"
                        />
                      </mask>
                    </defs>
                    <g>
                      <path
                        d="M15.63,2a2,2,0,1,1-2-2A2,2,0,0,1,15.63,2Z"
                      />
                      <path
                        d="M11.54,7l.32.27a1.73,1.73,0,0,0,.48-1.21,1.78,1.78,0,0,0-1.78-1.78A1.8,1.8,0,0,0,9,5.22l.2.14Z"
                      />
                      <path
                        d="M11.86,7.3a1.75,1.75,0,0,1-1.3.57A1.78,1.78,0,0,1,8.78,6.09,1.81,1.81,0,0,1,9,5.22L6.87,3.69A2.62,2.62,0,0,0,4.1,3.42a2.65,2.65,0,0,0-.93.8,3.2,3.2,0,0,0-.55,1.84s0,3.59,0,4.53L.88,13A1,1,0,0,0,0,14a1.11,1.11,0,0,0,.48.9L3,16.71a1.07,1.07,0,0,0,1.5-.19,1,1,0,0,0,.15-.78l1.79-2.5,4.21-1.42h0a3.17,3.17,0,0,0,1.57-1.12,2.55,2.55,0,0,0-.36-3.4Zm-1.43,3.87L6,12.66l-2.15,3a.38.38,0,0,1,.08.46.38.38,0,0,1-.53,0L.88,14.34a.38.38,0,0,1-.14-.51.37.37,0,0,1,.46-.07l2.12-2.95V9.94H5c.43,0,.63-.4.22-.79a1.42,1.42,0,0,1,.94-2.49A1.43,1.43,0,0,1,7.54,8.08a1.41,1.41,0,0,1-.48,1.07c-.42.39-.21.79.22.79h4.58A2.32,2.32,0,0,1,10.43,11.17Z"
                      />
                    </g>
                    <g
                      mask="url(#mask-2-generate-test-id)"
                    >
                      <path
                        d="M15.63,2a2,2,0,1,1-2-2A2,2,0,0,1,15.63,2Z"
                      />
                      <path
                        d="M11.54,7l.32.27a1.73,1.73,0,0,0,.48-1.21,1.78,1.78,0,0,0-1.78-1.78A1.8,1.8,0,0,0,9,5.22l.2.14Z"
                      />
                      <path
                        d="M11.86,7.3a1.75,1.75,0,0,1-1.3.57A1.78,1.78,0,0,1,8.78,6.09,1.81,1.81,0,0,1,9,5.22L6.87,3.69A2.62,2.62,0,0,0,4.1,3.42a2.65,2.65,0,0,0-.93.8,3.2,3.2,0,0,0-.55,1.84s0,3.59,0,4.53L.88,13A1,1,0,0,0,0,14a1.11,1.11,0,0,0,.48.9L3,16.71a1.07,1.07,0,0,0,1.5-.19,1,1,0,0,0,.15-.78l1.79-2.5,4.21-1.42h0a3.17,3.17,0,0,0,1.57-1.12,2.55,2.55,0,0,0-.36-3.4Zm-1.43,3.87L6,12.66l-2.15,3a.38.38,0,0,1,.08.46.38.38,0,0,1-.53,0L.88,14.34a.38.38,0,0,1-.14-.51.37.37,0,0,1,.46-.07l2.12-2.95V9.94H5c.43,0,.63-.4.22-.79a1.42,1.42,0,0,1,.94-2.49A1.43,1.43,0,0,1,7.54,8.08a1.41,1.41,0,0,1-.48,1.07c-.42.39-.21.79.22.79h4.58A2.32,2.32,0,0,1,10.43,11.17Z"
                      />
                    </g>
                    <g
                      mask="url(#mask-1-generate-test-id)"
                    >
                      <path
                        d="M15.63,2a2,2,0,1,1-2-2A2,2,0,0,1,15.63,2Z"
                      />
                      <path
                        d="M11.54,7l.32.27a1.73,1.73,0,0,0,.48-1.21,1.78,1.78,0,0,0-1.78-1.78A1.8,1.8,0,0,0,9,5.22l.2.14Z"
                      />
                      <path
                        d="M11.86,7.3a1.75,1.75,0,0,1-1.3.57A1.78,1.78,0,0,1,8.78,6.09,1.81,1.81,0,0,1,9,5.22L6.87,3.69A2.62,2.62,0,0,0,4.1,3.42a2.65,2.65,0,0,0-.93.8,3.2,3.2,0,0,0-.55,1.84s0,3.59,0,4.53L.88,13A1,1,0,0,0,0,14a1.11,1.11,0,0,0,.48.9L3,16.71a1.07,1.07,0,0,0,1.5-.19,1,1,0,0,0,.15-.78l1.79-2.5,4.21-1.42h0a3.17,3.17,0,0,0,1.57-1.12,2.55,2.55,0,0,0-.36-3.4Zm-1.43,3.87L6,12.66l-2.15,3a.38.38,0,0,1,.08.46.38.38,0,0,1-.53,0L.88,14.34a.38.38,0,0,1-.14-.51.37.37,0,0,1,.46-.07l2.12-2.95V9.94H5c.43,0,.63-.4.22-.79a1.42,1.42,0,0,1,.94-2.49A1.43,1.43,0,0,1,7.54,8.08a1.41,1.41,0,0,1-.48,1.07c-.42.39-.21.79.22.79h4.58A2.32,2.32,0,0,1,10.43,11.17Z"
                      />
                    </g>
                    <ellipse
                      cx="7.1"
                      cy="16.93"
                      rx="4.43"
                      ry="0.52"
                    />
                  </svg>
                  <h3>
                    SERVICE
                  </h3>
                  <p>
                    お客様の課題をお伺いし、システム受託開発からSESまで幅広くご提案。
                    <br />
                    共に解決してまいります。
                  </p>
                </header>
                <header
                  class="hidden tablet:block"
                  data-aos="fade-up"
                >
                  <svg
                    aria-label="株式会社グローイングアイランズのロゴシンボル"
                    class=""
                    viewBox="0 0 15.63 17.45"
                    xmlns="http://www.w3.org/2000/svg"
                  >
                    <g>
                      <path
                        d="M15.63,2a2,2,0,1,1-2-2A2,2,0,0,1,15.63,2Z"
                      />
                      <path
                        d="M11.54,7l.32.27a1.73,1.73,0,0,0,.48-1.21,1.78,1.78,0,0,0-1.78-1.78A1.8,1.8,0,0,0,9,5.22l.2.14Z"
                      />
                      <path
                        d="M11.86,7.3a1.75,1.75,0,0,1-1.3.57A1.78,1.78,0,0,1,8.78,6.09,1.81,1.81,0,0,1,9,5.22L6.87,3.69A2.62,2.62,0,0,0,4.1,3.42a2.65,2.65,0,0,0-.93.8,3.2,3.2,0,0,0-.55,1.84s0,3.59,0,4.53L.88,13A1,1,0,0,0,0,14a1.11,1.11,0,0,0,.48.9L3,16.71a1.07,1.07,0,0,0,1.5-.19,1,1,0,0,0,.15-.78l1.79-2.5,4.21-1.42h0a3.17,3.17,0,0,0,1.57-1.12,2.55,2.55,0,0,0-.36-3.4Zm-1.43,3.87L6,12.66l-2.15,3a.38.38,0,0,1,.08.46.38.38,0,0,1-.53,0L.88,14.34a.38.38,0,0,1-.14-.51.37.37,0,0,1,.46-.07l2.12-2.95V9.94H5c.43,0,.63-.4.22-.79a1.42,1.42,0,0,1,.94-2.49A1.43,1.43,0,0,1,7.54,8.08a1.41,1.41,0,0,1-.48,1.07c-.42.39-.21.79.22.79h4.58A2.32,2.32,0,0,1,10.43,11.17Z"
                      />
                    </g>
                    <ellipse
                      cx="7.1"
                      cy="16.93"
                      rx="4.43"
                      ry="0.52"
                    />
                  </svg>
                  <h3>
                    SERVICE
                  </h3>
                  <p>
                    お客様の課題をお伺いし、システム受託開発からSESまで幅広くご提案。
                    <br />
                    共に解決してまいります。
                  </p>
                </header>
                <ul>
                  <li
                    class=""
                    data-aos="fade-up"
                  >
                    <header>
                      <h4>
                        共創する受託開発
                      </h4>
                      <p>
                        Co-Creation Contract Development
                      </p>
                    </header>
                    <p>
                      貴社の事業を成長させるためのシステム開発を通じて、
                      <br />
                      価値を共に創り続けます。
                      <br />
                      今までの請負型の開発プロセスのように、時間をかけて
                      <br
                        class="inline-block tablet:hidden"
                      />
                      開発を行い「納品して終わり」ではなく、オフショアで
                      <br
                        class="inline-block tablet:hidden"
                      />
                      の定額顧問スタイルを低コストで提供することにより、
                      <br
                        class="inline-block tablet:hidden"
                      />
                      弊社はお客様のパートナーとなり、事業成長と併走して
                      <br
                        class="inline-block tablet:hidden"
                      />
                      まいります。
                    </p>
                    <div>
                      <a
                        class=""
                        data-testid="button"
                      >
                        <span>
                          開発をご依頼のお客様
                        </span>
                        <span />
                      </a>
                    </div>
                  </li>
                  <li
                    class=""
                    data-aos="fade-up"
                  >
                    <header>
                      <h4>
                        グローイングアイランズのSES
                      </h4>
                      <p>
                        YumeLab's SES
                      </p>
                    </header>
                    <p>
                      代表自身がエンジニアである弊社では、
                      <br
                        class="inline-block tablet:hidden"
                      />
                      エンジニア人材を探す企業様、そして案件を探す
                      <br
                        class="inline-block tablet:hidden"
                      />
                      エンジニアの皆様両方の立場を理解し、
                      <br
                        class="inline-block tablet:hidden"
                      />
                      適切なマッチングとご紹介を行うことで、多くのお客様・
                      <br
                        class="inline-block tablet:hidden"
                      />
                      エンジニアの皆様よりご好評を頂いております。
                    </p>
                    <div>
                      <a
                        class=""
                        data-testid="button"
                      >
                        <span>
                          SESをご依頼のお客様
                        </span>
                        <span />
                      </a>
                    </div>
                  </li>
                </ul>
              </div>
            </div>
            <div
              class="hidden tablet:block"
            >
              <img
                alt="共創する受託開発のイメージ"
                height="1656"
                layout="responsive"
                placeholder="blur"
                src="test-file-stub"
                width="1920"
              />
            </div>
            <div
              class="tablet:hidden"
            >
              <img
                alt="共創する受託開発のイメージ"
                height="1445"
                layout="responsive"
                placeholder="blur"
                src="test-file-stub"
                width="750"
              />
            </div>
          </div>
          <div
            class=""
            data-testid="component"
            id="mission"
          >
            <div
              class="l-wrap"
            >
              <div
                class="l-inner"
              >
                <div
                  class="hidden tablet:block"
                  data-testid="component"
                >
                  <div
                    class=""
                  >
                    <div>
                      <span
                        translate="no"
                      >
                        Service Mission
                      </span>
                      <hr />
                      <span>
                        グローイングアイランズのポリシー
                      </span>
                    </div>
                  </div>
                </div>
                <header
                  class=""
                  data-aos="fade-up"
                >
                  <svg
                    aria-label="株式会社グローイングアイランズのロゴシンボル"
                    class=""
                    viewBox="0 0 15.63 17.45"
                    xmlns="http://www.w3.org/2000/svg"
                  >
                    <defs>
                      <lineargradient
                        id="gradient-1-generate-test-id"
                        x1="0"
                        x2="0"
                        y1="0"
                        y2="1"
                      >
                        <stop
                          offset="0.5"
                          stop-color="white"
                          stop-opacity="0"
                        />
                        <stop
                          offset="1"
                          stop-color="white"
                          stop-opacity="1"
                        />
                      </lineargradient>
                      <lineargradient
                        id="gradient-2-generate-test-id"
                        x1="0"
                        x2="0"
                        y1="0"
                        y2="1"
                      >
                        <stop
                          offset="0"
                          stop-color="white"
                          stop-opacity="0"
                        />
                        <stop
                          offset="0.5"
                          stop-color="white"
                          stop-opacity="1"
                        />
                      </lineargradient>
                      <mask
                        id="mask-1-generate-test-id"
                      >
                        <rect
                          fill="url(#gradient-1-generate-test-id)"
                          height="17.45"
                          width="15.63"
                          x="0"
                          y="0"
                        />
                      </mask>
                      <mask
                        id="mask-2-generate-test-id"
                      >
                        <rect
                          fill="url(#gradient-2-generate-test-id)"
                          height="17.45"
                          width="15.63"
                          x="0"
                          y="0"
                        />
                      </mask>
                    </defs>
                    <g>
                      <path
                        d="M15.63,2a2,2,0,1,1-2-2A2,2,0,0,1,15.63,2Z"
                      />
                      <path
                        d="M11.54,7l.32.27a1.73,1.73,0,0,0,.48-1.21,1.78,1.78,0,0,0-1.78-1.78A1.8,1.8,0,0,0,9,5.22l.2.14Z"
                      />
                      <path
                        d="M11.86,7.3a1.75,1.75,0,0,1-1.3.57A1.78,1.78,0,0,1,8.78,6.09,1.81,1.81,0,0,1,9,5.22L6.87,3.69A2.62,2.62,0,0,0,4.1,3.42a2.65,2.65,0,0,0-.93.8,3.2,3.2,0,0,0-.55,1.84s0,3.59,0,4.53L.88,13A1,1,0,0,0,0,14a1.11,1.11,0,0,0,.48.9L3,16.71a1.07,1.07,0,0,0,1.5-.19,1,1,0,0,0,.15-.78l1.79-2.5,4.21-1.42h0a3.17,3.17,0,0,0,1.57-1.12,2.55,2.55,0,0,0-.36-3.4Zm-1.43,3.87L6,12.66l-2.15,3a.38.38,0,0,1,.08.46.38.38,0,0,1-.53,0L.88,14.34a.38.38,0,0,1-.14-.51.37.37,0,0,1,.46-.07l2.12-2.95V9.94H5c.43,0,.63-.4.22-.79a1.42,1.42,0,0,1,.94-2.49A1.43,1.43,0,0,1,7.54,8.08a1.41,1.41,0,0,1-.48,1.07c-.42.39-.21.79.22.79h4.58A2.32,2.32,0,0,1,10.43,11.17Z"
                      />
                    </g>
                    <g
                      mask="url(#mask-2-generate-test-id)"
                    >
                      <path
                        d="M15.63,2a2,2,0,1,1-2-2A2,2,0,0,1,15.63,2Z"
                      />
                      <path
                        d="M11.54,7l.32.27a1.73,1.73,0,0,0,.48-1.21,1.78,1.78,0,0,0-1.78-1.78A1.8,1.8,0,0,0,9,5.22l.2.14Z"
                      />
                      <path
                        d="M11.86,7.3a1.75,1.75,0,0,1-1.3.57A1.78,1.78,0,0,1,8.78,6.09,1.81,1.81,0,0,1,9,5.22L6.87,3.69A2.62,2.62,0,0,0,4.1,3.42a2.65,2.65,0,0,0-.93.8,3.2,3.2,0,0,0-.55,1.84s0,3.59,0,4.53L.88,13A1,1,0,0,0,0,14a1.11,1.11,0,0,0,.48.9L3,16.71a1.07,1.07,0,0,0,1.5-.19,1,1,0,0,0,.15-.78l1.79-2.5,4.21-1.42h0a3.17,3.17,0,0,0,1.57-1.12,2.55,2.55,0,0,0-.36-3.4Zm-1.43,3.87L6,12.66l-2.15,3a.38.38,0,0,1,.08.46.38.38,0,0,1-.53,0L.88,14.34a.38.38,0,0,1-.14-.51.37.37,0,0,1,.46-.07l2.12-2.95V9.94H5c.43,0,.63-.4.22-.79a1.42,1.42,0,0,1,.94-2.49A1.43,1.43,0,0,1,7.54,8.08a1.41,1.41,0,0,1-.48,1.07c-.42.39-.21.79.22.79h4.58A2.32,2.32,0,0,1,10.43,11.17Z"
                      />
                    </g>
                    <g
                      mask="url(#mask-1-generate-test-id)"
                    >
                      <path
                        d="M15.63,2a2,2,0,1,1-2-2A2,2,0,0,1,15.63,2Z"
                      />
                      <path
                        d="M11.54,7l.32.27a1.73,1.73,0,0,0,.48-1.21,1.78,1.78,0,0,0-1.78-1.78A1.8,1.8,0,0,0,9,5.22l.2.14Z"
                      />
                      <path
                        d="M11.86,7.3a1.75,1.75,0,0,1-1.3.57A1.78,1.78,0,0,1,8.78,6.09,1.81,1.81,0,0,1,9,5.22L6.87,3.69A2.62,2.62,0,0,0,4.1,3.42a2.65,2.65,0,0,0-.93.8,3.2,3.2,0,0,0-.55,1.84s0,3.59,0,4.53L.88,13A1,1,0,0,0,0,14a1.11,1.11,0,0,0,.48.9L3,16.71a1.07,1.07,0,0,0,1.5-.19,1,1,0,0,0,.15-.78l1.79-2.5,4.21-1.42h0a3.17,3.17,0,0,0,1.57-1.12,2.55,2.55,0,0,0-.36-3.4Zm-1.43,3.87L6,12.66l-2.15,3a.38.38,0,0,1,.08.46.38.38,0,0,1-.53,0L.88,14.34a.38.38,0,0,1-.14-.51.37.37,0,0,1,.46-.07l2.12-2.95V9.94H5c.43,0,.63-.4.22-.79a1.42,1.42,0,0,1,.94-2.49A1.43,1.43,0,0,1,7.54,8.08a1.41,1.41,0,0,1-.48,1.07c-.42.39-.21.79.22.79h4.58A2.32,2.32,0,0,1,10.43,11.17Z"
                      />
                    </g>
                    <ellipse
                      cx="7.1"
                      cy="16.93"
                      rx="4.43"
                      ry="0.52"
                    />
                  </svg>
                  <h3>
                    SERVICE MISSION
                  </h3>
                </header>
                <svg
                  height="0"
                  width="0"
                >
                  <lineargradient
                    id="gradient-mission"
                    x1="0"
                    x2="0"
                    y1="0"
                    y2="1"
                  >
                    <stop
                      offset="0%"
                    />
                    <stop
                      offset="50%"
                    />
                    <stop
                      offset="100%"
                    />
                  </lineargradient>
                  <mask
                    id="mask-circle"
                  >
                    <circle
                      cx="50"
                      cy="50"
                      fill="transparent"
                      r="45"
                      stroke="white"
                    />
                  </mask>
                </svg>
                <ul>
                  <li
                    class=""
                    data-aos="fade-up"
                  >
                    <div>
                      <header>
                        <svg
                          viewBox="0 0 100 100"
                        >
                          <circle
                            cx="50"
                            cy="50"
                            fill="url(#gradient-mission)"
                            mask="url(#mask-circle)"
                            r="50"
                          />
                        </svg>
                        <h4>
                          MISSION
                        </h4>
                      </header>
                      <div>
                        <div>
                          <p>
                            ITで
                            <br
                              class="hidden tablet:inline-block"
                            />
                            困っている
                            <br
                              class="tablet:hidden"
                            />
                            人を助ける
                          </p>
                        </div>
                      </div>
                    </div>
                    <div>
                      <img
                        alt="MISSIONのモチーフオブジェクト"
                        height="532.5"
                        placeholder="blur"
                        src="test-file-stub"
                        width="532.5"
                      />
                    </div>
                  </li>
                  <li
                    class=""
                    data-aos="fade-up"
                  >
                    <div>
                      <header>
                        <svg
                          viewBox="0 0 100 100"
                        >
                          <circle
                            cx="50"
                            cy="50"
                            fill="url(#gradient-mission)"
                            mask="url(#mask-circle)"
                            r="50"
                          />
                        </svg>
                        <h4>
                          VISION
                        </h4>
                      </header>
                      <div>
                        <div>
                          <p>
                            IT投資に対する
                            <br
                              class="tablet:hidden"
                            />
                            ハードルを
                            <br />
                            極限まで低くする
                          </p>
                        </div>
                      </div>
                    </div>
                    <div>
                      <img
                        alt="VISIONのモチーフオブジェクト"
                        height="532.5"
                        placeholder="blur"
                        src="test-file-stub"
                        width="532.5"
                      />
                    </div>
                  </li>
                  <li
                    class=""
                    data-aos="fade-up"
                  >
                    <div>
                      <header>
                        <svg
                          viewBox="0 0 100 100"
                        >
                          <circle
                            cx="50"
                            cy="50"
                            fill="url(#gradient-mission)"
                            mask="url(#mask-circle)"
                            r="50"
                          />
                        </svg>
                        <h4>
                          VALUE
                        </h4>
                      </header>
                      <div>
                        <div>
                          <p>
                            共想「共に想う」
                          </p>
                          <p>
                            お客様が考える未来、プロダクトを世に出した
                            <br
                              class="hidden tablet:inline-block"
                            />
                            後の理想、我々は同じ夢を、同じ視点で見ます。
                          </p>
                        </div>
                        <div>
                          <p>
                            共創「共に創る」
                          </p>
                          <p>
                            お客様が社会に提供する価値を、
                            <br />
                            システムを通して共に創ります。
                          </p>
                        </div>
                        <div>
                          <p>
                            共走「共に走る」
                          </p>
                          <p>
                            変化の激しい時代に飲まれることなく、
                            <br
                              class="hidden tablet:inline-block"
                            />
                            共に伴走します。
                          </p>
                        </div>
                      </div>
                    </div>
                    <div>
                      <img
                        alt="VALUEのモチーフオブジェクト"
                        height="532.5"
                        placeholder="blur"
                        src="test-file-stub"
                        width="532.5"
                      />
                    </div>
                  </li>
                </ul>
              </div>
            </div>
          </div>
          <div
            class=""
            data-testid="component"
            id="company"
          >
            <div
              class="l-wrap"
            >
              <div
                class="l-inner"
              >
                <div
                  class="hidden tablet:block"
                  data-testid="component"
                >
                  <div
                    class=""
                  >
                    <div>
                      <span
                        translate="no"
                      >
                        Company
                      </span>
                      <hr />
                      <span>
                        会社概要
                      </span>
                    </div>
                  </div>
                </div>
                <header
                  class=""
                  data-aos="fade-up"
                >
                  <svg
                    aria-label="株式会社グローイングアイランズのロゴシンボル"
                    class=""
                    viewBox="0 0 15.63 17.45"
                    xmlns="http://www.w3.org/2000/svg"
                  >
                    <defs>
                      <lineargradient
                        id="gradient-1-generate-test-id"
                        x1="0"
                        x2="0"
                        y1="0"
                        y2="1"
                      >
                        <stop
                          offset="0.5"
                          stop-color="white"
                          stop-opacity="0"
                        />
                        <stop
                          offset="1"
                          stop-color="white"
                          stop-opacity="1"
                        />
                      </lineargradient>
                      <lineargradient
                        id="gradient-2-generate-test-id"
                        x1="0"
                        x2="0"
                        y1="0"
                        y2="1"
                      >
                        <stop
                          offset="0"
                          stop-color="white"
                          stop-opacity="0"
                        />
                        <stop
                          offset="0.5"
                          stop-color="white"
                          stop-opacity="1"
                        />
                      </lineargradient>
                      <mask
                        id="mask-1-generate-test-id"
                      >
                        <rect
                          fill="url(#gradient-1-generate-test-id)"
                          height="17.45"
                          width="15.63"
                          x="0"
                          y="0"
                        />
                      </mask>
                      <mask
                        id="mask-2-generate-test-id"
                      >
                        <rect
                          fill="url(#gradient-2-generate-test-id)"
                          height="17.45"
                          width="15.63"
                          x="0"
                          y="0"
                        />
                      </mask>
                    </defs>
                    <g>
                      <path
                        d="M15.63,2a2,2,0,1,1-2-2A2,2,0,0,1,15.63,2Z"
                      />
                      <path
                        d="M11.54,7l.32.27a1.73,1.73,0,0,0,.48-1.21,1.78,1.78,0,0,0-1.78-1.78A1.8,1.8,0,0,0,9,5.22l.2.14Z"
                      />
                      <path
                        d="M11.86,7.3a1.75,1.75,0,0,1-1.3.57A1.78,1.78,0,0,1,8.78,6.09,1.81,1.81,0,0,1,9,5.22L6.87,3.69A2.62,2.62,0,0,0,4.1,3.42a2.65,2.65,0,0,0-.93.8,3.2,3.2,0,0,0-.55,1.84s0,3.59,0,4.53L.88,13A1,1,0,0,0,0,14a1.11,1.11,0,0,0,.48.9L3,16.71a1.07,1.07,0,0,0,1.5-.19,1,1,0,0,0,.15-.78l1.79-2.5,4.21-1.42h0a3.17,3.17,0,0,0,1.57-1.12,2.55,2.55,0,0,0-.36-3.4Zm-1.43,3.87L6,12.66l-2.15,3a.38.38,0,0,1,.08.46.38.38,0,0,1-.53,0L.88,14.34a.38.38,0,0,1-.14-.51.37.37,0,0,1,.46-.07l2.12-2.95V9.94H5c.43,0,.63-.4.22-.79a1.42,1.42,0,0,1,.94-2.49A1.43,1.43,0,0,1,7.54,8.08a1.41,1.41,0,0,1-.48,1.07c-.42.39-.21.79.22.79h4.58A2.32,2.32,0,0,1,10.43,11.17Z"
                      />
                    </g>
                    <g
                      mask="url(#mask-2-generate-test-id)"
                    >
                      <path
                        d="M15.63,2a2,2,0,1,1-2-2A2,2,0,0,1,15.63,2Z"
                      />
                      <path
                        d="M11.54,7l.32.27a1.73,1.73,0,0,0,.48-1.21,1.78,1.78,0,0,0-1.78-1.78A1.8,1.8,0,0,0,9,5.22l.2.14Z"
                      />
                      <path
                        d="M11.86,7.3a1.75,1.75,0,0,1-1.3.57A1.78,1.78,0,0,1,8.78,6.09,1.81,1.81,0,0,1,9,5.22L6.87,3.69A2.62,2.62,0,0,0,4.1,3.42a2.65,2.65,0,0,0-.93.8,3.2,3.2,0,0,0-.55,1.84s0,3.59,0,4.53L.88,13A1,1,0,0,0,0,14a1.11,1.11,0,0,0,.48.9L3,16.71a1.07,1.07,0,0,0,1.5-.19,1,1,0,0,0,.15-.78l1.79-2.5,4.21-1.42h0a3.17,3.17,0,0,0,1.57-1.12,2.55,2.55,0,0,0-.36-3.4Zm-1.43,3.87L6,12.66l-2.15,3a.38.38,0,0,1,.08.46.38.38,0,0,1-.53,0L.88,14.34a.38.38,0,0,1-.14-.51.37.37,0,0,1,.46-.07l2.12-2.95V9.94H5c.43,0,.63-.4.22-.79a1.42,1.42,0,0,1,.94-2.49A1.43,1.43,0,0,1,7.54,8.08a1.41,1.41,0,0,1-.48,1.07c-.42.39-.21.79.22.79h4.58A2.32,2.32,0,0,1,10.43,11.17Z"
                      />
                    </g>
                    <g
                      mask="url(#mask-1-generate-test-id)"
                    >
                      <path
                        d="M15.63,2a2,2,0,1,1-2-2A2,2,0,0,1,15.63,2Z"
                      />
                      <path
                        d="M11.54,7l.32.27a1.73,1.73,0,0,0,.48-1.21,1.78,1.78,0,0,0-1.78-1.78A1.8,1.8,0,0,0,9,5.22l.2.14Z"
                      />
                      <path
                        d="M11.86,7.3a1.75,1.75,0,0,1-1.3.57A1.78,1.78,0,0,1,8.78,6.09,1.81,1.81,0,0,1,9,5.22L6.87,3.69A2.62,2.62,0,0,0,4.1,3.42a2.65,2.65,0,0,0-.93.8,3.2,3.2,0,0,0-.55,1.84s0,3.59,0,4.53L.88,13A1,1,0,0,0,0,14a1.11,1.11,0,0,0,.48.9L3,16.71a1.07,1.07,0,0,0,1.5-.19,1,1,0,0,0,.15-.78l1.79-2.5,4.21-1.42h0a3.17,3.17,0,0,0,1.57-1.12,2.55,2.55,0,0,0-.36-3.4Zm-1.43,3.87L6,12.66l-2.15,3a.38.38,0,0,1,.08.46.38.38,0,0,1-.53,0L.88,14.34a.38.38,0,0,1-.14-.51.37.37,0,0,1,.46-.07l2.12-2.95V9.94H5c.43,0,.63-.4.22-.79a1.42,1.42,0,0,1,.94-2.49A1.43,1.43,0,0,1,7.54,8.08a1.41,1.41,0,0,1-.48,1.07c-.42.39-.21.79.22.79h4.58A2.32,2.32,0,0,1,10.43,11.17Z"
                      />
                    </g>
                    <ellipse
                      cx="7.1"
                      cy="16.93"
                      rx="4.43"
                      ry="0.52"
                    />
                  </svg>
                  <h3>
                    COMPANY
                  </h3>
                </header>
                <div
                  data-aos="fade-up"
                >
                  <iframe
                    loading="lazy"
                    src="https://www.google.com/maps/embed?pb=!1m18!1m12!1m3!1d3241.51387623262!2d139.89392581525823!3d35.664346880198224!2m3!1f0!2f0!3f0!3m2!1i1024!2i768!4f13.1!3m3!1m2!1s0x60187d3fa682b8fd%3A0xc64b91f80bf68808!2z5qCq5byP5Lya56S-44Om44Oh44Op44Oc!5e0!3m2!1sja!2sjp!4v1638179648047!5m2!1sja!2sjp"
                  />
                </div>
                <div
                  data-aos="fade-up"
                >
                  <dl
                    class=""
                  >
                    <dt>
                      会社名
                    </dt>
                    <dd>
                      株式会社グローイングアイランズ
                    </dd>
                  </dl>
                  <dl
                    class=""
                  >
                    <dt>
                      住所
                    </dt>
                    <dd>
                      〒 279-0002
                      <br
                        class="tablet:hidden"
                      />
                       千葉県浦安市北栄1-1-3 柳内ビル 3階
                    </dd>
                  </dl>
                  <dl
                    class=""
                  >
                    <dt>
                      事業内容
                    </dt>
                    <dd>
                      WEBシステムの企画立案・設計・構築 運用及びコンサルタント業務
                      <br
                        class="hidden tablet:inline-block"
                      />
                      ソフトウェアの開発、販売
                    </dd>
                  </dl>
                  <dl
                    class=""
                  >
                    <dt>
                      代表取締役
                    </dt>
                    <dd>
                      深松一平
                    </dd>
                  </dl>
                  <dl
                    class=""
                  >
                    <dt>
                      設立
                    </dt>
                    <dd>
                      2015年12月
                    </dd>
                  </dl>
                  <dl
                    class=""
                  >
                    <dt>
                      取引銀行
                    </dt>
                    <dd>
                      みずほ銀行 新浦安支店
                    </dd>
                  </dl>
                </div>
              </div>
            </div>
          </div>
          <div
            class=""
            data-testid="component"
            id="contact"
          >
            <div
              class="l-wrap"
            >
              <div
                class="l-inner"
              >
                <header
                  class=""
                  data-aos="fade-up"
                >
                  <svg
                    aria-label="株式会社グローイングアイランズのロゴシンボル"
                    class=""
                    viewBox="0 0 15.63 17.45"
                    xmlns="http://www.w3.org/2000/svg"
                  >
                    <defs>
                      <lineargradient
                        id="gradient-1-generate-test-id"
                        x1="0"
                        x2="0"
                        y1="0"
                        y2="1"
                      >
                        <stop
                          offset="0.5"
                          stop-color="white"
                          stop-opacity="0"
                        />
                        <stop
                          offset="1"
                          stop-color="white"
                          stop-opacity="1"
                        />
                      </lineargradient>
                      <lineargradient
                        id="gradient-2-generate-test-id"
                        x1="0"
                        x2="0"
                        y1="0"
                        y2="1"
                      >
                        <stop
                          offset="0"
                          stop-color="white"
                          stop-opacity="0"
                        />
                        <stop
                          offset="0.5"
                          stop-color="white"
                          stop-opacity="1"
                        />
                      </lineargradient>
                      <mask
                        id="mask-1-generate-test-id"
                      >
                        <rect
                          fill="url(#gradient-1-generate-test-id)"
                          height="17.45"
                          width="15.63"
                          x="0"
                          y="0"
                        />
                      </mask>
                      <mask
                        id="mask-2-generate-test-id"
                      >
                        <rect
                          fill="url(#gradient-2-generate-test-id)"
                          height="17.45"
                          width="15.63"
                          x="0"
                          y="0"
                        />
                      </mask>
                    </defs>
                    <g>
                      <path
                        d="M15.63,2a2,2,0,1,1-2-2A2,2,0,0,1,15.63,2Z"
                      />
                      <path
                        d="M11.54,7l.32.27a1.73,1.73,0,0,0,.48-1.21,1.78,1.78,0,0,0-1.78-1.78A1.8,1.8,0,0,0,9,5.22l.2.14Z"
                      />
                      <path
                        d="M11.86,7.3a1.75,1.75,0,0,1-1.3.57A1.78,1.78,0,0,1,8.78,6.09,1.81,1.81,0,0,1,9,5.22L6.87,3.69A2.62,2.62,0,0,0,4.1,3.42a2.65,2.65,0,0,0-.93.8,3.2,3.2,0,0,0-.55,1.84s0,3.59,0,4.53L.88,13A1,1,0,0,0,0,14a1.11,1.11,0,0,0,.48.9L3,16.71a1.07,1.07,0,0,0,1.5-.19,1,1,0,0,0,.15-.78l1.79-2.5,4.21-1.42h0a3.17,3.17,0,0,0,1.57-1.12,2.55,2.55,0,0,0-.36-3.4Zm-1.43,3.87L6,12.66l-2.15,3a.38.38,0,0,1,.08.46.38.38,0,0,1-.53,0L.88,14.34a.38.38,0,0,1-.14-.51.37.37,0,0,1,.46-.07l2.12-2.95V9.94H5c.43,0,.63-.4.22-.79a1.42,1.42,0,0,1,.94-2.49A1.43,1.43,0,0,1,7.54,8.08a1.41,1.41,0,0,1-.48,1.07c-.42.39-.21.79.22.79h4.58A2.32,2.32,0,0,1,10.43,11.17Z"
                      />
                    </g>
                    <g
                      mask="url(#mask-2-generate-test-id)"
                    >
                      <path
                        d="M15.63,2a2,2,0,1,1-2-2A2,2,0,0,1,15.63,2Z"
                      />
                      <path
                        d="M11.54,7l.32.27a1.73,1.73,0,0,0,.48-1.21,1.78,1.78,0,0,0-1.78-1.78A1.8,1.8,0,0,0,9,5.22l.2.14Z"
                      />
                      <path
                        d="M11.86,7.3a1.75,1.75,0,0,1-1.3.57A1.78,1.78,0,0,1,8.78,6.09,1.81,1.81,0,0,1,9,5.22L6.87,3.69A2.62,2.62,0,0,0,4.1,3.42a2.65,2.65,0,0,0-.93.8,3.2,3.2,0,0,0-.55,1.84s0,3.59,0,4.53L.88,13A1,1,0,0,0,0,14a1.11,1.11,0,0,0,.48.9L3,16.71a1.07,1.07,0,0,0,1.5-.19,1,1,0,0,0,.15-.78l1.79-2.5,4.21-1.42h0a3.17,3.17,0,0,0,1.57-1.12,2.55,2.55,0,0,0-.36-3.4Zm-1.43,3.87L6,12.66l-2.15,3a.38.38,0,0,1,.08.46.38.38,0,0,1-.53,0L.88,14.34a.38.38,0,0,1-.14-.51.37.37,0,0,1,.46-.07l2.12-2.95V9.94H5c.43,0,.63-.4.22-.79a1.42,1.42,0,0,1,.94-2.49A1.43,1.43,0,0,1,7.54,8.08a1.41,1.41,0,0,1-.48,1.07c-.42.39-.21.79.22.79h4.58A2.32,2.32,0,0,1,10.43,11.17Z"
                      />
                    </g>
                    <g
                      mask="url(#mask-1-generate-test-id)"
                    >
                      <path
                        d="M15.63,2a2,2,0,1,1-2-2A2,2,0,0,1,15.63,2Z"
                      />
                      <path
                        d="M11.54,7l.32.27a1.73,1.73,0,0,0,.48-1.21,1.78,1.78,0,0,0-1.78-1.78A1.8,1.8,0,0,0,9,5.22l.2.14Z"
                      />
                      <path
                        d="M11.86,7.3a1.75,1.75,0,0,1-1.3.57A1.78,1.78,0,0,1,8.78,6.09,1.81,1.81,0,0,1,9,5.22L6.87,3.69A2.62,2.62,0,0,0,4.1,3.42a2.65,2.65,0,0,0-.93.8,3.2,3.2,0,0,0-.55,1.84s0,3.59,0,4.53L.88,13A1,1,0,0,0,0,14a1.11,1.11,0,0,0,.48.9L3,16.71a1.07,1.07,0,0,0,1.5-.19,1,1,0,0,0,.15-.78l1.79-2.5,4.21-1.42h0a3.17,3.17,0,0,0,1.57-1.12,2.55,2.55,0,0,0-.36-3.4Zm-1.43,3.87L6,12.66l-2.15,3a.38.38,0,0,1,.08.46.38.38,0,0,1-.53,0L.88,14.34a.38.38,0,0,1-.14-.51.37.37,0,0,1,.46-.07l2.12-2.95V9.94H5c.43,0,.63-.4.22-.79a1.42,1.42,0,0,1,.94-2.49A1.43,1.43,0,0,1,7.54,8.08a1.41,1.41,0,0,1-.48,1.07c-.42.39-.21.79.22.79h4.58A2.32,2.32,0,0,1,10.43,11.17Z"
                      />
                    </g>
                    <ellipse
                      cx="7.1"
                      cy="16.93"
                      rx="4.43"
                      ry="0.52"
                    />
                  </svg>
                  <h3>
                    CONTACT
                  </h3>
                  <p>
                    システム開発でお悩みの企業様、弊社が「共創する受託開発」で解決いたします。
                    <br
                      class="hidden tablet:inline-block"
                    />
                    また、エンジニア皆様への案件紹介もこちらから受け付けております。
                    <br />
                    まずはお気軽にご相談下さい。
                  </p>
                </header>
              </div>
            </div>
          </div>
        </main>
      </div>
    </div>
    <footer
      class=""
      data-testid="component"
    >
      <div>
        <small
          translate="no"
        >
          ©Yume Lab Inc.
        </small>
        <nav>
          <ul
            class=""
          >
            <li>
              <a
                href="https://twitter.com/yumelab1214"
                rel="noreferrer"
                target="_blank"
              >
                <svg
                  aria-label="Twitter"
                  class=""
                  viewBox="0 0 512 415.84"
                >
                  <path
                    d="M459.37 103.64c.33 4.54.33 9.09.33 13.64 0 138.72-105.59 298.56-298.56 298.56A296.51 296.51 0 0 1 0 368.73a215.83 215.83 0 0 0 25.34 1.3 210.15 210.15 0 0 0 130.27-44.83 105.12 105.12 0 0 1-98.11-72.77 132.94 132.94 0 0 0 19.82 1.62 111.09 111.09 0 0 0 27.61-3.57 105 105 0 0 1-84.14-103v-1.29a105.67 105.67 0 0 0 47.43 13.31A105.07 105.07 0 0 1 35.74 19.17 298.28 298.28 0 0 0 252.1 128.98a118.78 118.78 0 0 1-2.6-24 105 105 0 0 1 181.6-71.8 206.58 206.58 0 0 0 66.6-25.34 104.61 104.61 0 0 1-46.13 57.83A210.61 210.61 0 0 0 512 49.38a225.62 225.62 0 0 1-52.63 54.26Z"
                  />
                </svg>
              </a>
            </li>
            <li>
              <a
                href="https://www.facebook.com/yumelab.co.jp/"
                rel="noreferrer"
                target="_blank"
              >
                <svg
                  aria-label="Facebook"
                  class=""
                  viewBox="0 0 448 448"
                >
                  <path
                    d="M400 0H48A48 48 0 0 0 0 48v352a48 48 0 0 0 48 48h137.25V295.69h-63V224h63v-54.64c0-62.15 37-96.48 93.67-96.48 27.14 0 55.52 4.84 55.52 4.84v61h-31.27c-30.81 0-40.42 19.12-40.42 38.73V224h68.78l-11 71.69h-57.78V448H400a48 48 0 0 0 48-48V48a48 48 0 0 0-48-48Z"
                  />
                </svg>
              </a>
            </li>
          </ul>
        </nav>
      </div>
    </footer>
  </div>
</DocumentFragment>
`;
