// Jest Snapshot v1, https://goo.gl/fbAQLP

exports[`components/top/Company Snapshot 1`] = `
<DocumentFragment>
  <div
    class=""
    data-testid="component"
    id="company"
  >
    <div
      class="l-wrap"
    >
      <div
        class="l-inner"
      >
        <div
          class="hidden tablet:block"
          data-testid="component"
        >
          <div
            class=""
          >
            <div>
              <span
                translate="no"
              >
                Company
              </span>
              <hr />
              <span>
                会社概要
              </span>
            </div>
          </div>
        </div>
        <header
          class=""
          data-aos="fade-up"
        >
          <svg
            aria-label="株式会社グローイングアイランズのロゴシンボル"
            class=""
            viewBox="0 0 15.63 17.45"
            xmlns="http://www.w3.org/2000/svg"
          >
            <defs>
              <lineargradient
                id="gradient-1-generate-test-id"
                x1="0"
                x2="0"
                y1="0"
                y2="1"
              >
                <stop
                  offset="0.5"
                  stop-color="white"
                  stop-opacity="0"
                />
                <stop
                  offset="1"
                  stop-color="white"
                  stop-opacity="1"
                />
              </lineargradient>
              <lineargradient
                id="gradient-2-generate-test-id"
                x1="0"
                x2="0"
                y1="0"
                y2="1"
              >
                <stop
                  offset="0"
                  stop-color="white"
                  stop-opacity="0"
                />
                <stop
                  offset="0.5"
                  stop-color="white"
                  stop-opacity="1"
                />
              </lineargradient>
              <mask
                id="mask-1-generate-test-id"
              >
                <rect
                  fill="url(#gradient-1-generate-test-id)"
                  height="17.45"
                  width="15.63"
                  x="0"
                  y="0"
                />
              </mask>
              <mask
                id="mask-2-generate-test-id"
              >
                <rect
                  fill="url(#gradient-2-generate-test-id)"
                  height="17.45"
                  width="15.63"
                  x="0"
                  y="0"
                />
              </mask>
            </defs>
            <g>
              <path
                d="M15.63,2a2,2,0,1,1-2-2A2,2,0,0,1,15.63,2Z"
              />
              <path
                d="M11.54,7l.32.27a1.73,1.73,0,0,0,.48-1.21,1.78,1.78,0,0,0-1.78-1.78A1.8,1.8,0,0,0,9,5.22l.2.14Z"
              />
              <path
                d="M11.86,7.3a1.75,1.75,0,0,1-1.3.57A1.78,1.78,0,0,1,8.78,6.09,1.81,1.81,0,0,1,9,5.22L6.87,3.69A2.62,2.62,0,0,0,4.1,3.42a2.65,2.65,0,0,0-.93.8,3.2,3.2,0,0,0-.55,1.84s0,3.59,0,4.53L.88,13A1,1,0,0,0,0,14a1.11,1.11,0,0,0,.48.9L3,16.71a1.07,1.07,0,0,0,1.5-.19,1,1,0,0,0,.15-.78l1.79-2.5,4.21-1.42h0a3.17,3.17,0,0,0,1.57-1.12,2.55,2.55,0,0,0-.36-3.4Zm-1.43,3.87L6,12.66l-2.15,3a.38.38,0,0,1,.08.46.38.38,0,0,1-.53,0L.88,14.34a.38.38,0,0,1-.14-.51.37.37,0,0,1,.46-.07l2.12-2.95V9.94H5c.43,0,.63-.4.22-.79a1.42,1.42,0,0,1,.94-2.49A1.43,1.43,0,0,1,7.54,8.08a1.41,1.41,0,0,1-.48,1.07c-.42.39-.21.79.22.79h4.58A2.32,2.32,0,0,1,10.43,11.17Z"
              />
            </g>
            <g
              mask="url(#mask-2-generate-test-id)"
            >
              <path
                d="M15.63,2a2,2,0,1,1-2-2A2,2,0,0,1,15.63,2Z"
              />
              <path
                d="M11.54,7l.32.27a1.73,1.73,0,0,0,.48-1.21,1.78,1.78,0,0,0-1.78-1.78A1.8,1.8,0,0,0,9,5.22l.2.14Z"
              />
              <path
                d="M11.86,7.3a1.75,1.75,0,0,1-1.3.57A1.78,1.78,0,0,1,8.78,6.09,1.81,1.81,0,0,1,9,5.22L6.87,3.69A2.62,2.62,0,0,0,4.1,3.42a2.65,2.65,0,0,0-.93.8,3.2,3.2,0,0,0-.55,1.84s0,3.59,0,4.53L.88,13A1,1,0,0,0,0,14a1.11,1.11,0,0,0,.48.9L3,16.71a1.07,1.07,0,0,0,1.5-.19,1,1,0,0,0,.15-.78l1.79-2.5,4.21-1.42h0a3.17,3.17,0,0,0,1.57-1.12,2.55,2.55,0,0,0-.36-3.4Zm-1.43,3.87L6,12.66l-2.15,3a.38.38,0,0,1,.08.46.38.38,0,0,1-.53,0L.88,14.34a.38.38,0,0,1-.14-.51.37.37,0,0,1,.46-.07l2.12-2.95V9.94H5c.43,0,.63-.4.22-.79a1.42,1.42,0,0,1,.94-2.49A1.43,1.43,0,0,1,7.54,8.08a1.41,1.41,0,0,1-.48,1.07c-.42.39-.21.79.22.79h4.58A2.32,2.32,0,0,1,10.43,11.17Z"
              />
            </g>
            <g
              mask="url(#mask-1-generate-test-id)"
            >
              <path
                d="M15.63,2a2,2,0,1,1-2-2A2,2,0,0,1,15.63,2Z"
              />
              <path
                d="M11.54,7l.32.27a1.73,1.73,0,0,0,.48-1.21,1.78,1.78,0,0,0-1.78-1.78A1.8,1.8,0,0,0,9,5.22l.2.14Z"
              />
              <path
                d="M11.86,7.3a1.75,1.75,0,0,1-1.3.57A1.78,1.78,0,0,1,8.78,6.09,1.81,1.81,0,0,1,9,5.22L6.87,3.69A2.62,2.62,0,0,0,4.1,3.42a2.65,2.65,0,0,0-.93.8,3.2,3.2,0,0,0-.55,1.84s0,3.59,0,4.53L.88,13A1,1,0,0,0,0,14a1.11,1.11,0,0,0,.48.9L3,16.71a1.07,1.07,0,0,0,1.5-.19,1,1,0,0,0,.15-.78l1.79-2.5,4.21-1.42h0a3.17,3.17,0,0,0,1.57-1.12,2.55,2.55,0,0,0-.36-3.4Zm-1.43,3.87L6,12.66l-2.15,3a.38.38,0,0,1,.08.46.38.38,0,0,1-.53,0L.88,14.34a.38.38,0,0,1-.14-.51.37.37,0,0,1,.46-.07l2.12-2.95V9.94H5c.43,0,.63-.4.22-.79a1.42,1.42,0,0,1,.94-2.49A1.43,1.43,0,0,1,7.54,8.08a1.41,1.41,0,0,1-.48,1.07c-.42.39-.21.79.22.79h4.58A2.32,2.32,0,0,1,10.43,11.17Z"
              />
            </g>
            <ellipse
              cx="7.1"
              cy="16.93"
              rx="4.43"
              ry="0.52"
            />
          </svg>
          <h3>
            COMPANY
          </h3>
        </header>
        <div
          data-aos="fade-up"
        >
          <iframe
            loading="lazy"
            src="https://www.google.com/maps/embed?pb=!1m18!1m12!1m3!1d3241.51387623262!2d139.89392581525823!3d35.664346880198224!2m3!1f0!2f0!3f0!3m2!1i1024!2i768!4f13.1!3m3!1m2!1s0x60187d3fa682b8fd%3A0xc64b91f80bf68808!2z5qCq5byP5Lya56S-44Om44Oh44Op44Oc!5e0!3m2!1sja!2sjp!4v1638179648047!5m2!1sja!2sjp"
          />
        </div>
        <div
          data-aos="fade-up"
        >
          <dl
            class=""
          >
            <dt>
              会社名
            </dt>
            <dd>
              株式会社グローイングアイランズ
            </dd>
          </dl>
          <dl
            class=""
          >
            <dt>
              住所
            </dt>
            <dd>
              〒 279-0002
              <br
                class="tablet:hidden"
              />
               千葉県浦安市北栄1-1-3 柳内ビル 3階
            </dd>
          </dl>
          <dl
            class=""
          >
            <dt>
              事業内容
            </dt>
            <dd>
              WEBシステムの企画立案・設計・構築 運用及びコンサルタント業務
              <br
                class="hidden tablet:inline-block"
              />
              ソフトウェアの開発、販売
            </dd>
          </dl>
          <dl
            class=""
          >
            <dt>
              代表取締役
            </dt>
            <dd>
              深松一平
            </dd>
          </dl>
          <dl
            class=""
          >
            <dt>
              設立
            </dt>
            <dd>
              2015年12月
            </dd>
          </dl>
          <dl
            class=""
          >
            <dt>
              取引銀行
            </dt>
            <dd>
              みずほ銀行 新浦安支店
            </dd>
          </dl>
        </div>
      </div>
    </div>
  </div>
</DocumentFragment>
`;
