// Jest Snapshot v1, https://goo.gl/fbAQLP

exports[`components/contract-development/Step Snapshot 1`] = `
<DocumentFragment>
  <div
    class=""
    id="step"
  >
    <div
      class="l-wrap"
    >
      <div
        class="l-inner"
      >
        <div
          class="hidden tablet:block"
          data-testid="component"
        >
          <div
            class=""
          >
            <div>
              <span
                translate="no"
              >
                Step
              </span>
              <hr />
              <span>
                開発開始までの流れ
              </span>
            </div>
          </div>
        </div>
        <header
          data-aos="fade-up"
        >
          <h2
            class=""
            data-testid="component"
          >
            開発開始までの流れ
          </h2>
        </header>
        <ol
          data-aos="fade-up"
        >
          <li
            class=""
          >
            <div>
              <div>
                <img
                  alt="完成形の想像のイラスト"
                  placeholder="blur"
                  src="test-file-stub"
                />
              </div>
            </div>
            <div>
              <h3>
                完成形の想像
              </h3>
              <p>
                お客様側にて「どんな事を解決したいか」理想像を簡単におまとめ下さい。
              </p>
            </div>
            <svg
              aria-label="角"
              viewBox="0 0 21 31"
              xmlns="http://www.w3.org/2000/svg"
            >
              <path
                d="M.405.98h4.427l15.342 14.815L4.832 30.611H.527l15.347-14.816L.405.98Z"
              />
            </svg>
          </li>
          <li
            class=""
          >
            <div>
              <div>
                <img
                  alt="お問い合わせのイラスト"
                  placeholder="blur"
                  src="test-file-stub"
                />
              </div>
            </div>
            <div>
              <h3>
                お問い合わせ
              </h3>
              <p>
                フォームから、またはご紹介にて受付けを行なっております。
              </p>
            </div>
            <svg
              aria-label="角"
              viewBox="0 0 21 31"
              xmlns="http://www.w3.org/2000/svg"
            >
              <path
                d="M.405.98h4.427l15.342 14.815L4.832 30.611H.527l15.347-14.816L.405.98Z"
              />
            </svg>
          </li>
          <li
            class=""
          >
            <div>
              <div>
                <img
                  alt="初回のお打ち合わせのイラスト"
                  placeholder="blur"
                  src="test-file-stub"
                />
              </div>
            </div>
            <div>
              <h3>
                初回のお打ち合わせ
              </h3>
              <p>
                お客さまが検討されている事業の概要や現在の課題、将来のビジョンについて説明して頂きます。
              </p>
            </div>
            <svg
              aria-label="角"
              viewBox="0 0 21 31"
              xmlns="http://www.w3.org/2000/svg"
            >
              <path
                d="M.405.98h4.427l15.342 14.815L4.832 30.611H.527l15.347-14.816L.405.98Z"
              />
            </svg>
          </li>
          <li
            class=""
          >
            <div>
              <div>
                <img
                  alt="ご相談期間のイラスト"
                  placeholder="blur"
                  src="test-file-stub"
                />
              </div>
            </div>
            <div>
              <h3>
                ご相談期間
              </h3>
              <p>
                無料のご相談期間となります。
                <br
                  class="tablet:hidden"
                />
                (月4回まで)
                <br
                  class="hidden tablet:block"
                />
                事業の方向性を決定、実施すべき施策を可視化いたします。
              </p>
              <p
                class=""
                data-testid="component"
              >
                ※延長される場合は別途料金が発生する場合がございます
              </p>
            </div>
            <svg
              aria-label="角"
              viewBox="0 0 21 31"
              xmlns="http://www.w3.org/2000/svg"
            >
              <path
                d="M.405.98h4.427l15.342 14.815L4.832 30.611H.527l15.347-14.816L.405.98Z"
              />
            </svg>
          </li>
          <li
            class=""
          >
            <div>
              <div>
                <img
                  alt="正式契約のイラスト"
                  placeholder="blur"
                  src="test-file-stub"
                />
              </div>
            </div>
            <div>
              <h3>
                正式契約
              </h3>
              <p>
                まず3ヶ月以内で実現できる最低限のサービスを目指します。
                <br />
                毎週定例会を実施し、1週間単位で成果物を定義、実現していきます。
              </p>
            </div>
          </li>
        </ol>
      </div>
    </div>
  </div>
</DocumentFragment>
`;
