// Jest Snapshot v1, https://goo.gl/fbAQLP

exports[`components/ses/Faq Snapshot 1`] = `
<DocumentFragment>
  <div
    class=""
    id="faq"
  >
    <div
      class="l-wrap"
    >
      <div
        class="l-inner"
      >
        <div
          class="hidden tablet:block"
          data-testid="component"
        >
          <div
            class=""
          >
            <div>
              <span
                translate="no"
              >
                FAQ
              </span>
              <hr />
              <span>
                よくあるご質問
              </span>
            </div>
          </div>
        </div>
        <header
          data-aos="fade-up"
        >
          <h2>
            よくあるご質問
          </h2>
        </header>
        <div>
          <div
            class=""
            data-aos="fade-up"
          >
            <div>
              <div>
                <span>
                  Q
                </span>
                <p>
                  【エンジニア様】どのような案件がありますか？
                </p>
                <button
                  class=""
                />
              </div>
              <div
                aria-hidden="true"
                style="height: 0px; overflow: hidden;"
              >
                <div>
                  <span>
                    A
                  </span>
                  <p>
                    システム・アプリ開発からコーディング・運用・新規事業開発まで様々です。弊社代表による繋がりからの直案件がほとんどのため、案件数は他エージェント会社さんと比べると少ないかもしれません。
                  </p>
                </div>
              </div>
            </div>
          </div>
          <div
            class=""
            data-aos="fade-up"
          >
            <div>
              <div>
                <span>
                  Q
                </span>
                <p>
                  【エンジニア様】他のエージェントとの違いはなんですか？
                </p>
                <button
                  class=""
                />
              </div>
              <div
                aria-hidden="true"
                style="height: 0px; overflow: hidden;"
              >
                <div>
                  <span>
                    A
                  </span>
                  <p>
                    15年現役エンジニアである弊社代表が直接案件調整・マネジメントを行いますので、ご紹介案件の解像度が高い点、また、望んだ方向性の案件を的確にご紹介可能です。
                  </p>
                </div>
              </div>
            </div>
          </div>
          <div
            class=""
            data-aos="fade-up"
          >
            <div>
              <div>
                <span>
                  Q
                </span>
                <p>
                  【エンジニア様】常駐先が頻繁に変わりますか？
                </p>
                <button
                  class=""
                />
              </div>
              <div
                aria-hidden="true"
                style="height: 0px; overflow: hidden;"
              >
                <div>
                  <span>
                    A
                  </span>
                  <p>
                    全てとは言えませんが、多くが長期（3年以上）に渡って稼働いただいております。
                  </p>
                </div>
              </div>
            </div>
          </div>
          <div
            class=""
            data-aos="fade-up"
          >
            <div>
              <div>
                <span>
                  Q
                </span>
                <p>
                  【エンジニア様】未経験案件はありますか？
                </p>
                <button
                  class=""
                />
              </div>
              <div
                aria-hidden="true"
                style="height: 0px; overflow: hidden;"
              >
                <div>
                  <span>
                    A
                  </span>
                  <p>
                    現状未経験エンジニア向け案件は扱っておりません。
                  </p>
                </div>
              </div>
            </div>
          </div>
          <div
            class=""
            data-aos="fade-up"
          >
            <div>
              <div>
                <span>
                  Q
                </span>
                <p>
                  【企業様】どんなスキルのエンジニアさんがいますか？
                </p>
                <button
                  class=""
                />
              </div>
              <div
                aria-hidden="true"
                style="height: 0px; overflow: hidden;"
              >
                <div>
                  <span>
                    A
                  </span>
                  <p>
                    Java,PHP,JS,Python,Rubyなど、需要の多い言語で実務経験3年以上のエンジニアさんに多く登録いただいております。
                  </p>
                </div>
              </div>
            </div>
          </div>
          <div
            class=""
            data-aos="fade-up"
          >
            <div>
              <div>
                <span>
                  Q
                </span>
                <p>
                  【企業様】エンジニアさんにどの程度フォローを行っていますか？
                </p>
                <button
                  class=""
                />
              </div>
              <div
                aria-hidden="true"
                style="height: 0px; overflow: hidden;"
              >
                <div>
                  <span>
                    A
                  </span>
                  <p>
                    エンジニア様へ月に一度ミーティングを行い、しっかりとフォローを行っております。
                  </p>
                </div>
              </div>
            </div>
          </div>
          <div
            class=""
            data-aos="fade-up"
          >
            <div>
              <div>
                <span>
                  Q
                </span>
                <p>
                  【企業様】案件のヒアリングは営業さんが来ますか？
                </p>
                <button
                  class=""
                />
              </div>
              <div
                aria-hidden="true"
                style="height: 0px; overflow: hidden;"
              >
                <div>
                  <span>
                    A
                  </span>
                  <p>
                    ほとんどの場合弊社代表が直接お話を伺います。
                  </p>
                </div>
              </div>
            </div>
          </div>
          <div
            class=""
            data-aos="fade-up"
          >
            <div>
              <div>
                <span>
                  Q
                </span>
                <p>
                  【企業様】エンジニアさんの面談は営業さんが行いますか？
                </p>
                <button
                  class=""
                />
              </div>
              <div
                aria-hidden="true"
                style="height: 0px; overflow: hidden;"
              >
                <div>
                  <span>
                    A
                  </span>
                  <p>
                    弊社代表が直接行っています。そのためミスマッチも少なく継続いただいております。
                  </p>
                </div>
              </div>
            </div>
          </div>
        </div>
      </div>
    </div>
  </div>
</DocumentFragment>
`;
